<?xml version="1.0" encoding="ISO-8859-1" ?>
<link_info>
   <banner>MSP430 Linker PC v18.12.1.LTS</banner>
   <copyright>Copyright (c) 2003-2018 Texas Instruments Incorporated</copyright>
   <link_time>0x5cba560b</link_time>
   <link_errors>0x0</link_errors>
   <output_file>sonar.out</output_file>
   <entry_point>
      <name>_c_int00_noargs</name>
      <address>0x4480</address>
   </entry_point>
   <input_file_list>
      <input_file id="fl-2">
         <path>.\</path>
         <kind>object</kind>
         <file>graphics.obj</file>
         <name>graphics.obj</name>
      </input_file>
      <input_file id="fl-3">
         <path>.\</path>
         <kind>object</kind>
         <file>lcd.obj</file>
         <name>lcd.obj</name>
      </input_file>
      <input_file id="fl-4">
         <path>.\</path>
         <kind>object</kind>
         <file>main.obj</file>
         <name>main.obj</name>
      </input_file>
      <input_file id="fl-5">
         <path>.\</path>
         <kind>object</kind>
         <file>ports.obj</file>
         <name>ports.obj</name>
      </input_file>
      <input_file id="fl-6">
         <path>.\</path>
         <kind>object</kind>
         <file>ultrasonic.obj</file>
         <name>ultrasonic.obj</name>
      </input_file>
      <input_file id="fl-c">
         <kind>object</kind>
         <file>&lt;internal&gt;</file>
         <name>&lt;internal&gt;</name>
      </input_file>
      <input_file id="fl-27">
         <path>C:\ti\ccs900\ccs\tools\compiler\ti-cgt-msp430_18.12.1.LTS\lib\</path>
         <kind>archive</kind>
         <file>rts430x_lc_rd_eabi.lib</file>
         <name>copy_decompress_lzss.c.obj</name>
      </input_file>
      <input_file id="fl-28">
         <path>C:\ti\ccs900\ccs\tools\compiler\ti-cgt-msp430_18.12.1.LTS\lib\</path>
         <kind>archive</kind>
         <file>rts430x_lc_rd_eabi.lib</file>
         <name>copy_decompress_none.c.obj</name>
      </input_file>
      <input_file id="fl-29">
         <path>C:\ti\ccs900\ccs\tools\compiler\ti-cgt-msp430_18.12.1.LTS\lib\</path>
         <kind>archive</kind>
         <file>rts430x_lc_rd_eabi.lib</file>
         <name>int27.asm.obj</name>
      </input_file>
      <input_file id="fl-2a">
         <path>C:\ti\ccs900\ccs\tools\compiler\ti-cgt-msp430_18.12.1.LTS\lib\</path>
         <kind>archive</kind>
         <file>rts430x_lc_rd_eabi.lib</file>
         <name>isr_trap.asm.obj</name>
      </input_file>
      <input_file id="fl-2b">
         <path>C:\ti\ccs900\ccs\tools\compiler\ti-cgt-msp430_18.12.1.LTS\lib\</path>
         <kind>archive</kind>
         <file>rts430x_lc_rd_eabi.lib</file>
         <name>int28.asm.obj</name>
      </input_file>
      <input_file id="fl-2c">
         <path>C:\ti\ccs900\ccs\tools\compiler\ti-cgt-msp430_18.12.1.LTS\lib\</path>
         <kind>archive</kind>
         <file>rts430x_lc_rd_eabi.lib</file>
         <name>int29.asm.obj</name>
      </input_file>
      <input_file id="fl-2d">
         <path>C:\ti\ccs900\ccs\tools\compiler\ti-cgt-msp430_18.12.1.LTS\lib\</path>
         <kind>archive</kind>
         <file>rts430x_lc_rd_eabi.lib</file>
         <name>int30.asm.obj</name>
      </input_file>
      <input_file id="fl-2e">
         <path>C:\ti\ccs900\ccs\tools\compiler\ti-cgt-msp430_18.12.1.LTS\lib\</path>
         <kind>archive</kind>
         <file>rts430x_lc_rd_eabi.lib</file>
         <name>int31.asm.obj</name>
      </input_file>
      <input_file id="fl-2f">
         <path>C:\ti\ccs900\ccs\tools\compiler\ti-cgt-msp430_18.12.1.LTS\lib\</path>
         <kind>archive</kind>
         <file>rts430x_lc_rd_eabi.lib</file>
         <name>int32.asm.obj</name>
      </input_file>
      <input_file id="fl-30">
         <path>C:\ti\ccs900\ccs\tools\compiler\ti-cgt-msp430_18.12.1.LTS\lib\</path>
         <kind>archive</kind>
         <file>rts430x_lc_rd_eabi.lib</file>
         <name>int33.asm.obj</name>
      </input_file>
      <input_file id="fl-31">
         <path>C:\ti\ccs900\ccs\tools\compiler\ti-cgt-msp430_18.12.1.LTS\lib\</path>
         <kind>archive</kind>
         <file>rts430x_lc_rd_eabi.lib</file>
         <name>int34.asm.obj</name>
      </input_file>
      <input_file id="fl-32">
         <path>C:\ti\ccs900\ccs\tools\compiler\ti-cgt-msp430_18.12.1.LTS\lib\</path>
         <kind>archive</kind>
         <file>rts430x_lc_rd_eabi.lib</file>
         <name>int35.asm.obj</name>
      </input_file>
      <input_file id="fl-33">
         <path>C:\ti\ccs900\ccs\tools\compiler\ti-cgt-msp430_18.12.1.LTS\lib\</path>
         <kind>archive</kind>
         <file>rts430x_lc_rd_eabi.lib</file>
         <name>int36.asm.obj</name>
      </input_file>
      <input_file id="fl-34">
         <path>C:\ti\ccs900\ccs\tools\compiler\ti-cgt-msp430_18.12.1.LTS\lib\</path>
         <kind>archive</kind>
         <file>rts430x_lc_rd_eabi.lib</file>
         <name>int37.asm.obj</name>
      </input_file>
      <input_file id="fl-35">
         <path>C:\ti\ccs900\ccs\tools\compiler\ti-cgt-msp430_18.12.1.LTS\lib\</path>
         <kind>archive</kind>
         <file>rts430x_lc_rd_eabi.lib</file>
         <name>int39.asm.obj</name>
      </input_file>
      <input_file id="fl-36">
         <path>C:\ti\ccs900\ccs\tools\compiler\ti-cgt-msp430_18.12.1.LTS\lib\</path>
         <kind>archive</kind>
         <file>rts430x_lc_rd_eabi.lib</file>
         <name>int40.asm.obj</name>
      </input_file>
      <input_file id="fl-37">
         <path>C:\ti\ccs900\ccs\tools\compiler\ti-cgt-msp430_18.12.1.LTS\lib\</path>
         <kind>archive</kind>
         <file>rts430x_lc_rd_eabi.lib</file>
         <name>int41.asm.obj</name>
      </input_file>
      <input_file id="fl-38">
         <path>C:\ti\ccs900\ccs\tools\compiler\ti-cgt-msp430_18.12.1.LTS\lib\</path>
         <kind>archive</kind>
         <file>rts430x_lc_rd_eabi.lib</file>
         <name>int42.asm.obj</name>
      </input_file>
      <input_file id="fl-39">
         <path>C:\ti\ccs900\ccs\tools\compiler\ti-cgt-msp430_18.12.1.LTS\lib\</path>
         <kind>archive</kind>
         <file>rts430x_lc_rd_eabi.lib</file>
         <name>int43.asm.obj</name>
      </input_file>
      <input_file id="fl-3a">
         <path>C:\ti\ccs900\ccs\tools\compiler\ti-cgt-msp430_18.12.1.LTS\lib\</path>
         <kind>archive</kind>
         <file>rts430x_lc_rd_eabi.lib</file>
         <name>int45.asm.obj</name>
      </input_file>
      <input_file id="fl-3b">
         <path>C:\ti\ccs900\ccs\tools\compiler\ti-cgt-msp430_18.12.1.LTS\lib\</path>
         <kind>archive</kind>
         <file>rts430x_lc_rd_eabi.lib</file>
         <name>int46.asm.obj</name>
      </input_file>
      <input_file id="fl-3c">
         <path>C:\ti\ccs900\ccs\tools\compiler\ti-cgt-msp430_18.12.1.LTS\lib\</path>
         <kind>archive</kind>
         <file>rts430x_lc_rd_eabi.lib</file>
         <name>int47.asm.obj</name>
      </input_file>
      <input_file id="fl-3d">
         <path>C:\ti\ccs900\ccs\tools\compiler\ti-cgt-msp430_18.12.1.LTS\lib\</path>
         <kind>archive</kind>
         <file>rts430x_lc_rd_eabi.lib</file>
         <name>int48.asm.obj</name>
      </input_file>
      <input_file id="fl-3e">
         <path>C:\ti\ccs900\ccs\tools\compiler\ti-cgt-msp430_18.12.1.LTS\lib\</path>
         <kind>archive</kind>
         <file>rts430x_lc_rd_eabi.lib</file>
         <name>int49.asm.obj</name>
      </input_file>
      <input_file id="fl-3f">
         <path>C:\ti\ccs900\ccs\tools\compiler\ti-cgt-msp430_18.12.1.LTS\lib\</path>
         <kind>archive</kind>
         <file>rts430x_lc_rd_eabi.lib</file>
         <name>int50.asm.obj</name>
      </input_file>
      <input_file id="fl-40">
         <path>C:\ti\ccs900\ccs\tools\compiler\ti-cgt-msp430_18.12.1.LTS\lib\</path>
         <kind>archive</kind>
         <file>rts430x_lc_rd_eabi.lib</file>
         <name>int51.asm.obj</name>
      </input_file>
      <input_file id="fl-41">
         <path>C:\ti\ccs900\ccs\tools\compiler\ti-cgt-msp430_18.12.1.LTS\lib\</path>
         <kind>archive</kind>
         <file>rts430x_lc_rd_eabi.lib</file>
         <name>int52.asm.obj</name>
      </input_file>
      <input_file id="fl-42">
         <path>C:\ti\ccs900\ccs\tools\compiler\ti-cgt-msp430_18.12.1.LTS\lib\</path>
         <kind>archive</kind>
         <file>rts430x_lc_rd_eabi.lib</file>
         <name>int53.asm.obj</name>
      </input_file>
      <input_file id="fl-43">
         <path>C:\ti\ccs900\ccs\tools\compiler\ti-cgt-msp430_18.12.1.LTS\lib\</path>
         <kind>archive</kind>
         <file>rts430x_lc_rd_eabi.lib</file>
         <name>int54.asm.obj</name>
      </input_file>
      <input_file id="fl-44">
         <path>C:\ti\ccs900\ccs\tools\compiler\ti-cgt-msp430_18.12.1.LTS\lib\</path>
         <kind>archive</kind>
         <file>rts430x_lc_rd_eabi.lib</file>
         <name>copy_zero_init.c.obj</name>
      </input_file>
      <input_file id="fl-45">
         <path>C:\ti\ccs900\ccs\tools\compiler\ti-cgt-msp430_18.12.1.LTS\lib\</path>
         <kind>archive</kind>
         <file>rts430x_lc_rd_eabi.lib</file>
         <name>cvtdf.c.obj</name>
      </input_file>
      <input_file id="fl-46">
         <path>C:\ti\ccs900\ccs\tools\compiler\ti-cgt-msp430_18.12.1.LTS\lib\</path>
         <kind>archive</kind>
         <file>rts430x_lc_rd_eabi.lib</file>
         <name>cvtfd.c.obj</name>
      </input_file>
      <input_file id="fl-47">
         <path>C:\ti\ccs900\ccs\tools\compiler\ti-cgt-msp430_18.12.1.LTS\lib\</path>
         <kind>archive</kind>
         <file>rts430x_lc_rd_eabi.lib</file>
         <name>div16s.asm.obj</name>
      </input_file>
      <input_file id="fl-48">
         <path>C:\ti\ccs900\ccs\tools\compiler\ti-cgt-msp430_18.12.1.LTS\lib\</path>
         <kind>archive</kind>
         <file>rts430x_lc_rd_eabi.lib</file>
         <name>div16u.asm.obj</name>
      </input_file>
      <input_file id="fl-49">
         <path>C:\ti\ccs900\ccs\tools\compiler\ti-cgt-msp430_18.12.1.LTS\lib\</path>
         <kind>archive</kind>
         <file>rts430x_lc_rd_eabi.lib</file>
         <name>fltud.c.obj</name>
      </input_file>
      <input_file id="fl-4a">
         <path>C:\ti\ccs900\ccs\tools\compiler\ti-cgt-msp430_18.12.1.LTS\lib\</path>
         <kind>archive</kind>
         <file>rts430x_lc_rd_eabi.lib</file>
         <name>fltuld.c.obj</name>
      </input_file>
      <input_file id="fl-4b">
         <path>C:\ti\ccs900\ccs\tools\compiler\ti-cgt-msp430_18.12.1.LTS\lib\</path>
         <kind>archive</kind>
         <file>rts430x_lc_rd_eabi.lib</file>
         <name>mpyd.c.obj</name>
      </input_file>
      <input_file id="fl-4c">
         <path>C:\ti\ccs900\ccs\tools\compiler\ti-cgt-msp430_18.12.1.LTS\lib\</path>
         <kind>archive</kind>
         <file>rts430x_lc_rd_eabi.lib</file>
         <name>frcmpyd.c.obj</name>
      </input_file>
      <input_file id="fl-4d">
         <path>C:\ti\ccs900\ccs\tools\compiler\ti-cgt-msp430_18.12.1.LTS\lib\</path>
         <kind>archive</kind>
         <file>rts430x_lc_rd_eabi.lib</file>
         <name>fs_mpy.asm.obj</name>
      </input_file>
      <input_file id="fl-4e">
         <path>C:\ti\ccs900\ccs\tools\compiler\ti-cgt-msp430_18.12.1.LTS\lib\</path>
         <kind>archive</kind>
         <file>rts430x_lc_rd_eabi.lib</file>
         <name>mult16.asm.obj</name>
      </input_file>
      <input_file id="fl-4f">
         <path>C:\ti\ccs900\ccs\tools\compiler\ti-cgt-msp430_18.12.1.LTS\lib\</path>
         <kind>archive</kind>
         <file>rts430x_lc_rd_eabi.lib</file>
         <name>mult16_f5hw.asm.obj</name>
      </input_file>
      <input_file id="fl-50">
         <path>C:\ti\ccs900\ccs\tools\compiler\ti-cgt-msp430_18.12.1.LTS\lib\</path>
         <kind>archive</kind>
         <file>rts430x_lc_rd_eabi.lib</file>
         <name>mult32.asm.obj</name>
      </input_file>
      <input_file id="fl-51">
         <path>C:\ti\ccs900\ccs\tools\compiler\ti-cgt-msp430_18.12.1.LTS\lib\</path>
         <kind>archive</kind>
         <file>rts430x_lc_rd_eabi.lib</file>
         <name>mult32_f5hw.asm.obj</name>
      </input_file>
      <input_file id="fl-52">
         <path>C:\ti\ccs900\ccs\tools\compiler\ti-cgt-msp430_18.12.1.LTS\lib\</path>
         <kind>archive</kind>
         <file>rts430x_lc_rd_eabi.lib</file>
         <name>mult64_f5hw.asm.obj</name>
      </input_file>
      <input_file id="fl-53">
         <path>C:\ti\ccs900\ccs\tools\compiler\ti-cgt-msp430_18.12.1.LTS\lib\</path>
         <kind>archive</kind>
         <file>rts430x_lc_rd_eabi.lib</file>
         <name>mult1632_f5hw.asm.obj</name>
      </input_file>
      <input_file id="fl-54">
         <path>C:\ti\ccs900\ccs\tools\compiler\ti-cgt-msp430_18.12.1.LTS\lib\</path>
         <kind>archive</kind>
         <file>rts430x_lc_rd_eabi.lib</file>
         <name>mult3264_f5hw.asm.obj</name>
      </input_file>
      <input_file id="fl-55">
         <path>C:\ti\ccs900\ccs\tools\compiler\ti-cgt-msp430_18.12.1.LTS\lib\</path>
         <kind>archive</kind>
         <file>rts430x_lc_rd_eabi.lib</file>
         <name>lsl32.asm.obj</name>
      </input_file>
      <input_file id="fl-56">
         <path>C:\ti\ccs900\ccs\tools\compiler\ti-cgt-msp430_18.12.1.LTS\lib\</path>
         <kind>archive</kind>
         <file>rts430x_lc_rd_eabi.lib</file>
         <name>asr32.asm.obj</name>
      </input_file>
      <input_file id="fl-57">
         <path>C:\ti\ccs900\ccs\tools\compiler\ti-cgt-msp430_18.12.1.LTS\lib\</path>
         <kind>archive</kind>
         <file>rts430x_lc_rd_eabi.lib</file>
         <name>lsr32.asm.obj</name>
      </input_file>
      <input_file id="fl-58">
         <path>C:\ti\ccs900\ccs\tools\compiler\ti-cgt-msp430_18.12.1.LTS\lib\</path>
         <kind>archive</kind>
         <file>rts430x_lc_rd_eabi.lib</file>
         <name>lsr64.c.obj</name>
      </input_file>
      <input_file id="fl-59">
         <path>C:\ti\ccs900\ccs\tools\compiler\ti-cgt-msp430_18.12.1.LTS\lib\</path>
         <kind>archive</kind>
         <file>rts430x_lc_rd_eabi.lib</file>
         <name>boot.c.obj</name>
      </input_file>
      <input_file id="fl-5a">
         <path>C:\ti\ccs900\ccs\tools\compiler\ti-cgt-msp430_18.12.1.LTS\lib\</path>
         <kind>archive</kind>
         <file>rts430x_lc_rd_eabi.lib</file>
         <name>mpu_init.c.obj</name>
      </input_file>
      <input_file id="fl-5b">
         <path>C:\ti\ccs900\ccs\tools\compiler\ti-cgt-msp430_18.12.1.LTS\lib\</path>
         <kind>archive</kind>
         <file>rts430x_lc_rd_eabi.lib</file>
         <name>args_main.c.obj</name>
      </input_file>
      <input_file id="fl-5c">
         <path>C:\ti\ccs900\ccs\tools\compiler\ti-cgt-msp430_18.12.1.LTS\lib\</path>
         <kind>archive</kind>
         <file>rts430x_lc_rd_eabi.lib</file>
         <name>autoinit.c.obj</name>
      </input_file>
      <input_file id="fl-5d">
         <path>C:\ti\ccs900\ccs\tools\compiler\ti-cgt-msp430_18.12.1.LTS\lib\</path>
         <kind>archive</kind>
         <file>rts430x_lc_rd_eabi.lib</file>
         <name>startup.c.obj</name>
      </input_file>
      <input_file id="fl-5e">
         <path>C:\ti\ccs900\ccs\tools\compiler\ti-cgt-msp430_18.12.1.LTS\lib\</path>
         <kind>archive</kind>
         <file>rts430x_lc_rd_eabi.lib</file>
         <name>pre_init.c.obj</name>
      </input_file>
      <input_file id="fl-5f">
         <path>C:\ti\ccs900\ccs\tools\compiler\ti-cgt-msp430_18.12.1.LTS\lib\</path>
         <kind>archive</kind>
         <file>rts430x_lc_rd_eabi.lib</file>
         <name>cpy_tbl.c.obj</name>
      </input_file>
      <input_file id="fl-60">
         <path>C:\ti\ccs900\ccs\tools\compiler\ti-cgt-msp430_18.12.1.LTS\lib\</path>
         <kind>archive</kind>
         <file>rts430x_lc_rd_eabi.lib</file>
         <name>exit.c.obj</name>
      </input_file>
      <input_file id="fl-61">
         <path>C:\ti\ccs900\ccs\tools\compiler\ti-cgt-msp430_18.12.1.LTS\lib\</path>
         <kind>archive</kind>
         <file>rts430x_lc_rd_eabi.lib</file>
         <name>exit_gvars.c.obj</name>
      </input_file>
      <input_file id="fl-62">
         <path>C:\ti\ccs900\ccs\tools\compiler\ti-cgt-msp430_18.12.1.LTS\lib\</path>
         <kind>archive</kind>
         <file>rts430x_lc_rd_eabi.lib</file>
         <name>_lock.c.obj</name>
      </input_file>
      <input_file id="fl-63">
         <path>C:\ti\ccs900\ccs\tools\compiler\ti-cgt-msp430_18.12.1.LTS\lib\</path>
         <kind>archive</kind>
         <file>rts430x_lc_rd_eabi.lib</file>
         <name>memcpy.c.obj</name>
      </input_file>
      <input_file id="fl-64">
         <path>C:\ti\ccs900\ccs\tools\compiler\ti-cgt-msp430_18.12.1.LTS\lib\</path>
         <kind>archive</kind>
         <file>rts430x_lc_rd_eabi.lib</file>
         <name>snprintf.c.obj</name>
      </input_file>
      <input_file id="fl-65">
         <path>C:\ti\ccs900\ccs\tools\compiler\ti-cgt-msp430_18.12.1.LTS\lib\</path>
         <kind>archive</kind>
         <file>rts430x_lc_rd_eabi.lib</file>
         <name>_printfi.c.obj</name>
      </input_file>
      <input_file id="fl-66">
         <path>C:\ti\ccs900\ccs\tools\compiler\ti-cgt-msp430_18.12.1.LTS\lib\</path>
         <kind>archive</kind>
         <file>rts430x_lc_rd_eabi.lib</file>
         <name>cmpd.c.obj</name>
      </input_file>
      <input_file id="fl-67">
         <path>C:\ti\ccs900\ccs\tools\compiler\ti-cgt-msp430_18.12.1.LTS\lib\</path>
         <kind>archive</kind>
         <file>rts430x_lc_rd_eabi.lib</file>
         <name>divd.c.obj</name>
      </input_file>
      <input_file id="fl-68">
         <path>C:\ti\ccs900\ccs\tools\compiler\ti-cgt-msp430_18.12.1.LTS\lib\</path>
         <kind>archive</kind>
         <file>rts430x_lc_rd_eabi.lib</file>
         <name>frcdivd.c.obj</name>
      </input_file>
      <input_file id="fl-69">
         <path>C:\ti\ccs900\ccs\tools\compiler\ti-cgt-msp430_18.12.1.LTS\lib\</path>
         <kind>archive</kind>
         <file>rts430x_lc_rd_eabi.lib</file>
         <name>div32u.asm.obj</name>
      </input_file>
      <input_file id="fl-6a">
         <path>C:\ti\ccs900\ccs\tools\compiler\ti-cgt-msp430_18.12.1.LTS\lib\</path>
         <kind>archive</kind>
         <file>rts430x_lc_rd_eabi.lib</file>
         <name>div64u.c.obj</name>
      </input_file>
      <input_file id="fl-6b">
         <path>C:\ti\ccs900\ccs\tools\compiler\ti-cgt-msp430_18.12.1.LTS\lib\</path>
         <kind>archive</kind>
         <file>rts430x_lc_rd_eabi.lib</file>
         <name>fixdi.c.obj</name>
      </input_file>
      <input_file id="fl-6c">
         <path>C:\ti\ccs900\ccs\tools\compiler\ti-cgt-msp430_18.12.1.LTS\lib\</path>
         <kind>archive</kind>
         <file>rts430x_lc_rd_eabi.lib</file>
         <name>fixdli.c.obj</name>
      </input_file>
      <input_file id="fl-6d">
         <path>C:\ti\ccs900\ccs\tools\compiler\ti-cgt-msp430_18.12.1.LTS\lib\</path>
         <kind>archive</kind>
         <file>rts430x_lc_rd_eabi.lib</file>
         <name>fltid.c.obj</name>
      </input_file>
      <input_file id="fl-6e">
         <path>C:\ti\ccs900\ccs\tools\compiler\ti-cgt-msp430_18.12.1.LTS\lib\</path>
         <kind>archive</kind>
         <file>rts430x_lc_rd_eabi.lib</file>
         <name>fltlid.c.obj</name>
      </input_file>
      <input_file id="fl-6f">
         <path>C:\ti\ccs900\ccs\tools\compiler\ti-cgt-msp430_18.12.1.LTS\lib\</path>
         <kind>archive</kind>
         <file>rts430x_lc_rd_eabi.lib</file>
         <name>negd.c.obj</name>
      </input_file>
      <input_file id="fl-70">
         <path>C:\ti\ccs900\ccs\tools\compiler\ti-cgt-msp430_18.12.1.LTS\lib\</path>
         <kind>archive</kind>
         <file>rts430x_lc_rd_eabi.lib</file>
         <name>lsl64.c.obj</name>
      </input_file>
      <input_file id="fl-71">
         <path>C:\ti\ccs900\ccs\tools\compiler\ti-cgt-msp430_18.12.1.LTS\lib\</path>
         <kind>archive</kind>
         <file>rts430x_lc_rd_eabi.lib</file>
         <name>subd.c.obj</name>
      </input_file>
      <input_file id="fl-72">
         <path>C:\ti\ccs900\ccs\tools\compiler\ti-cgt-msp430_18.12.1.LTS\lib\</path>
         <kind>archive</kind>
         <file>rts430x_lc_rd_eabi.lib</file>
         <name>addd.c.obj</name>
      </input_file>
      <input_file id="fl-73">
         <path>C:\ti\ccs900\ccs\tools\compiler\ti-cgt-msp430_18.12.1.LTS\lib\</path>
         <kind>archive</kind>
         <file>rts430x_lc_rd_eabi.lib</file>
         <name>frcaddd.c.obj</name>
      </input_file>
      <input_file id="fl-74">
         <path>C:\ti\ccs900\ccs\tools\compiler\ti-cgt-msp430_18.12.1.LTS\lib\</path>
         <kind>archive</kind>
         <file>rts430x_lc_rd_eabi.lib</file>
         <name>renormd.c.obj</name>
      </input_file>
      <input_file id="fl-75">
         <path>C:\ti\ccs900\ccs\tools\compiler\ti-cgt-msp430_18.12.1.LTS\lib\</path>
         <kind>archive</kind>
         <file>rts430x_lc_rd_eabi.lib</file>
         <name>abs.c.obj</name>
      </input_file>
      <input_file id="fl-76">
         <path>C:\ti\ccs900\ccs\tools\compiler\ti-cgt-msp430_18.12.1.LTS\lib\</path>
         <kind>archive</kind>
         <file>rts430x_lc_rd_eabi.lib</file>
         <name>atoi.c.obj</name>
      </input_file>
      <input_file id="fl-77">
         <path>C:\ti\ccs900\ccs\tools\compiler\ti-cgt-msp430_18.12.1.LTS\lib\</path>
         <kind>archive</kind>
         <file>rts430x_lc_rd_eabi.lib</file>
         <name>ctype.c.obj</name>
      </input_file>
      <input_file id="fl-78">
         <path>C:\ti\ccs900\ccs\tools\compiler\ti-cgt-msp430_18.12.1.LTS\lib\</path>
         <kind>archive</kind>
         <file>rts430x_lc_rd_eabi.lib</file>
         <name>errno.c.obj</name>
      </input_file>
      <input_file id="fl-79">
         <path>C:\ti\ccs900\ccs\tools\compiler\ti-cgt-msp430_18.12.1.LTS\lib\</path>
         <kind>archive</kind>
         <file>rts430x_lc_rd_eabi.lib</file>
         <name>s_frexp.c.obj</name>
      </input_file>
      <input_file id="fl-7a">
         <path>C:\ti\ccs900\ccs\tools\compiler\ti-cgt-msp430_18.12.1.LTS\lib\</path>
         <kind>archive</kind>
         <file>rts430x_lc_rd_eabi.lib</file>
         <name>s_scalbn.c.obj</name>
      </input_file>
      <input_file id="fl-7b">
         <path>C:\ti\ccs900\ccs\tools\compiler\ti-cgt-msp430_18.12.1.LTS\lib\</path>
         <kind>archive</kind>
         <file>rts430x_lc_rd_eabi.lib</file>
         <name>s_copysign.c.obj</name>
      </input_file>
      <input_file id="fl-7c">
         <path>C:\ti\ccs900\ccs\tools\compiler\ti-cgt-msp430_18.12.1.LTS\lib\</path>
         <kind>archive</kind>
         <file>rts430x_lc_rd_eabi.lib</file>
         <name>ltoa.c.obj</name>
      </input_file>
      <input_file id="fl-7d">
         <path>C:\ti\ccs900\ccs\tools\compiler\ti-cgt-msp430_18.12.1.LTS\lib\</path>
         <kind>archive</kind>
         <file>rts430x_lc_rd_eabi.lib</file>
         <name>div32s.asm.obj</name>
      </input_file>
      <input_file id="fl-7e">
         <path>C:\ti\ccs900\ccs\tools\compiler\ti-cgt-msp430_18.12.1.LTS\lib\</path>
         <kind>archive</kind>
         <file>rts430x_lc_rd_eabi.lib</file>
         <name>memccpy.c.obj</name>
      </input_file>
      <input_file id="fl-7f">
         <path>C:\ti\ccs900\ccs\tools\compiler\ti-cgt-msp430_18.12.1.LTS\lib\</path>
         <kind>archive</kind>
         <file>rts430x_lc_rd_eabi.lib</file>
         <name>memset.c.obj</name>
      </input_file>
      <input_file id="fl-80">
         <path>C:\ti\ccs900\ccs\tools\compiler\ti-cgt-msp430_18.12.1.LTS\lib\</path>
         <kind>archive</kind>
         <file>rts430x_lc_rd_eabi.lib</file>
         <name>strchr.c.obj</name>
      </input_file>
      <input_file id="fl-81">
         <path>C:\ti\ccs900\ccs\tools\compiler\ti-cgt-msp430_18.12.1.LTS\lib\</path>
         <kind>archive</kind>
         <file>rts430x_lc_rd_eabi.lib</file>
         <name>strlen.c.obj</name>
      </input_file>
      <input_file id="fl-82">
         <path>C:\ti\ccs900\ccs\tools\compiler\ti-cgt-msp430_18.12.1.LTS\lib\</path>
         <kind>archive</kind>
         <file>rts430x_lc_rd_eabi.lib</file>
         <name>toupper.c.obj</name>
      </input_file>
      <input_file id="fl-83">
         <path>C:\ti\ccs900\ccs\tools\compiler\ti-cgt-msp430_18.12.1.LTS\lib\</path>
         <kind>archive</kind>
         <file>rts430x_lc_rd_eabi.lib</file>
         <name>wcslen.c.obj</name>
      </input_file>
   </input_file_list>
   <object_component_list>
      <object_component id="oc-b2c">
         <name>__TI_handler_table</name>
         <load_address>0x547a</load_address>
         <run_address>0x547a</run_address>
         <size>0xc</size>
      </object_component>
      <object_component id="oc-b2f">
         <name>.cinit..data.load</name>
         <load_address>0x5486</load_address>
         <run_address>0x5486</run_address>
         <size>0x7</size>
      </object_component>
      <object_component id="oc-b2e">
         <name>.cinit..bss.load</name>
         <load_address>0x548e</load_address>
         <run_address>0x548e</run_address>
         <size>0x6</size>
      </object_component>
      <object_component id="oc-b2d">
         <name>__TI_cinit_table</name>
         <load_address>0x5494</load_address>
         <run_address>0x5494</run_address>
         <size>0x10</size>
      </object_component>
      <object_component id="oc-abc">
         <name>.binit</name>
         <load_address>0x4400</load_address>
         <run_address>0x4400</run_address>
         <size>0x0</size>
      </object_component>
      <object_component id="oc-884">
         <name>.const:font_11x16</name>
         <load_address>0x44a4</load_address>
         <run_address>0x44a4</run_address>
         <size>0x82a</size>
         <input_file_ref idref="fl-2"/>
      </object_component>
      <object_component id="oc-888">
         <name>.const:font_8x12</name>
         <load_address>0x4cce</load_address>
         <run_address>0x4cce</run_address>
         <size>0x474</size>
         <input_file_ref idref="fl-2"/>
      </object_component>
      <object_component id="oc-88c">
         <name>.const:font_5x7</name>
         <load_address>0x5142</load_address>
         <run_address>0x5142</run_address>
         <size>0x1e0</size>
         <input_file_ref idref="fl-2"/>
      </object_component>
      <object_component id="oc-947">
         <name>.const:.string:_ctypes_</name>
         <load_address>0x5322</load_address>
         <run_address>0x5322</run_address>
         <size>0x101</size>
         <input_file_ref idref="fl-77"/>
      </object_component>
      <object_component id="oc-913">
         <name>.const:.string</name>
         <load_address>0x5424</load_address>
         <run_address>0x5424</run_address>
         <size>0x26</size>
         <input_file_ref idref="fl-65"/>
      </object_component>
      <object_component id="oc-85f">
         <name>.const:.string:$P$T0$1</name>
         <load_address>0x544a</load_address>
         <run_address>0x544a</run_address>
         <size>0x10</size>
         <input_file_ref idref="fl-3"/>
      </object_component>
      <object_component id="oc-862">
         <name>.const:.string:$P$T1$2</name>
         <load_address>0x545a</load_address>
         <run_address>0x545a</run_address>
         <size>0x10</size>
         <input_file_ref idref="fl-3"/>
      </object_component>
      <object_component id="oc-723">
         <name>.const:.string</name>
         <load_address>0x546a</load_address>
         <run_address>0x546a</run_address>
         <size>0x10</size>
         <input_file_ref idref="fl-4"/>
      </object_component>
      <object_component id="oc-629">
         <name>.text:_isr:TIMER1_A1_ISR</name>
         <load_address>0x4400</load_address>
         <run_address>0x4400</run_address>
         <size>0x5a</size>
         <input_file_ref idref="fl-6"/>
      </object_component>
      <object_component id="oc-62f">
         <name>.text:_isr:TIMER0_A0_ISR</name>
         <load_address>0x445a</load_address>
         <run_address>0x445a</run_address>
         <size>0x26</size>
         <input_file_ref idref="fl-6"/>
      </object_component>
      <object_component id="oc-647">
         <name>.text:_isr:_c_int00_noargs</name>
         <load_address>0x4480</load_address>
         <run_address>0x4480</run_address>
         <size>0x1c</size>
         <input_file_ref idref="fl-59"/>
      </object_component>
      <object_component id="oc-624">
         <name>.text:_isr:__TI_ISR_TRAP</name>
         <load_address>0x449c</load_address>
         <run_address>0x449c</run_address>
         <size>0x8</size>
         <input_file_ref idref="fl-2a"/>
      </object_component>
      <object_component id="oc-a3d">
         <name>.text:__TI_frcdivd</name>
         <load_address>0x10000</load_address>
         <run_address>0x10000</run_address>
         <size>0x466</size>
         <input_file_ref idref="fl-68"/>
      </object_component>
      <object_component id="oc-99e">
         <name>.text:__mspabi_divull</name>
         <load_address>0x10466</load_address>
         <run_address>0x10466</run_address>
         <size>0x34e</size>
         <input_file_ref idref="fl-6a"/>
      </object_component>
      <object_component id="oc-a6d">
         <name>.text:__mspabi_addd</name>
         <load_address>0x107b4</load_address>
         <run_address>0x107b4</run_address>
         <size>0x2e0</size>
         <input_file_ref idref="fl-72"/>
      </object_component>
      <object_component id="oc-810">
         <name>.text:__TI_printfi</name>
         <load_address>0x10a94</load_address>
         <run_address>0x10a94</run_address>
         <size>0x2a6</size>
         <input_file_ref idref="fl-65"/>
      </object_component>
      <object_component id="oc-7be">
         <name>.text:__TI_frcmpyd</name>
         <load_address>0x10d3a</load_address>
         <run_address>0x10d3a</run_address>
         <size>0x280</size>
         <input_file_ref idref="fl-4c"/>
      </object_component>
      <object_component id="oc-8a8">
         <name>.text:_setfield</name>
         <load_address>0x10fba</load_address>
         <run_address>0x10fba</run_address>
         <size>0x27a</size>
         <input_file_ref idref="fl-65"/>
      </object_component>
      <object_component id="oc-91a">
         <name>.text:_pproc_fgea</name>
         <load_address>0x11234</load_address>
         <run_address>0x11234</run_address>
         <size>0x268</size>
         <input_file_ref idref="fl-65"/>
      </object_component>
      <object_component id="oc-6fe">
         <name>.text:__mspabi_mpyd</name>
         <load_address>0x1149c</load_address>
         <run_address>0x1149c</run_address>
         <size>0x266</size>
         <input_file_ref idref="fl-4b"/>
      </object_component>
      <object_component id="oc-a91">
         <name>.text:__TI_frcaddd</name>
         <load_address>0x11702</load_address>
         <run_address>0x11702</run_address>
         <size>0x248</size>
         <input_file_ref idref="fl-73"/>
      </object_component>
      <object_component id="oc-9ea">
         <name>.text:acvt</name>
         <load_address>0x1194a</load_address>
         <run_address>0x1194a</run_address>
         <size>0x224</size>
         <input_file_ref idref="fl-65"/>
      </object_component>
      <object_component id="oc-9dd">
         <name>.text:__mspabi_divd</name>
         <load_address>0x11b6e</load_address>
         <run_address>0x11b6e</run_address>
         <size>0x222</size>
         <input_file_ref idref="fl-67"/>
      </object_component>
      <object_component id="oc-94e">
         <name>.text:_getarg_diouxp</name>
         <load_address>0x11d90</load_address>
         <run_address>0x11d90</run_address>
         <size>0x20c</size>
         <input_file_ref idref="fl-65"/>
      </object_component>
      <object_component id="oc-9bd">
         <name>.text:ecvt</name>
         <load_address>0x11f9c</load_address>
         <run_address>0x11f9c</run_address>
         <size>0x1e6</size>
         <input_file_ref idref="fl-65"/>
      </object_component>
      <object_component id="oc-9d0">
         <name>.text:fcvt</name>
         <load_address>0x12182</load_address>
         <run_address>0x12182</run_address>
         <size>0x1c8</size>
         <input_file_ref idref="fl-65"/>
      </object_component>
      <object_component id="oc-978">
         <name>.text:_pconv_e</name>
         <load_address>0x1234a</load_address>
         <run_address>0x1234a</run_address>
         <size>0x1a2</size>
         <input_file_ref idref="fl-65"/>
      </object_component>
      <object_component id="oc-97e">
         <name>.text:_pconv_a</name>
         <load_address>0x124ec</load_address>
         <run_address>0x124ec</run_address>
         <size>0x170</size>
         <input_file_ref idref="fl-65"/>
      </object_component>
      <object_component id="oc-a4c">
         <name>.text:scalbn</name>
         <load_address>0x1265c</load_address>
         <run_address>0x1265c</run_address>
         <size>0x15a</size>
         <input_file_ref idref="fl-7a"/>
      </object_component>
      <object_component id="oc-914">
         <name>.text:_pproc_diouxp</name>
         <load_address>0x127b6</load_address>
         <run_address>0x127b6</run_address>
         <size>0x148</size>
         <input_file_ref idref="fl-65"/>
      </object_component>
      <object_component id="oc-69b">
         <name>.text:main</name>
         <load_address>0x128fe</load_address>
         <run_address>0x128fe</run_address>
         <size>0x12a</size>
         <input_file_ref idref="fl-4"/>
      </object_component>
      <object_component id="oc-954">
         <name>.text:_ltostr</name>
         <load_address>0x12a28</load_address>
         <run_address>0x12a28</run_address>
         <size>0x128</size>
         <input_file_ref idref="fl-65"/>
      </object_component>
      <object_component id="oc-96c">
         <name>.text:_pconv_g</name>
         <load_address>0x12b50</load_address>
         <run_address>0x12b50</run_address>
         <size>0xfc</size>
         <input_file_ref idref="fl-65"/>
      </object_component>
      <object_component id="oc-8a2">
         <name>.text:_pproc_fwp</name>
         <load_address>0x12c4c</load_address>
         <run_address>0x12c4c</run_address>
         <size>0xea</size>
         <input_file_ref idref="fl-65"/>
      </object_component>
      <object_component id="oc-984">
         <name>.text:__mspabi_cmpd</name>
         <load_address>0x12d36</load_address>
         <run_address>0x12d36</run_address>
         <size>0xd8</size>
         <input_file_ref idref="fl-66"/>
      </object_component>
      <object_component id="oc-8b4">
         <name>.text:_pproc_wstr</name>
         <load_address>0x12e0e</load_address>
         <run_address>0x12e0e</run_address>
         <size>0xc8</size>
         <input_file_ref idref="fl-65"/>
      </object_component>
      <object_component id="oc-70a">
         <name>.text</name>
         <load_address>0x12ed6</load_address>
         <run_address>0x12ed6</run_address>
         <size>0xb8</size>
         <input_file_ref idref="fl-4d"/>
      </object_component>
      <object_component id="oc-aaa">
         <name>.text:__TI_renormd</name>
         <load_address>0x12f8e</load_address>
         <run_address>0x12f8e</run_address>
         <size>0xb2</size>
         <input_file_ref idref="fl-74"/>
      </object_component>
      <object_component id="oc-8ae">
         <name>.text:_pproc_str</name>
         <load_address>0x13040</load_address>
         <run_address>0x13040</run_address>
         <size>0xa6</size>
         <input_file_ref idref="fl-65"/>
      </object_component>
      <object_component id="oc-9e4">
         <name>.text:frexp</name>
         <load_address>0x130e6</load_address>
         <run_address>0x130e6</run_address>
         <size>0xa6</size>
         <input_file_ref idref="fl-79"/>
      </object_component>
      <object_component id="oc-717">
         <name>.text:drawString</name>
         <load_address>0x1318c</load_address>
         <run_address>0x1318c</run_address>
         <size>0xa4</size>
         <input_file_ref idref="fl-2"/>
      </object_component>
      <object_component id="oc-a20">
         <name>.text:__mspabi_fltlid</name>
         <load_address>0x13230</load_address>
         <run_address>0x13230</run_address>
         <size>0x9e</size>
         <input_file_ref idref="fl-6e"/>
      </object_component>
      <object_component id="oc-6e0">
         <name>.text:initMSP430</name>
         <load_address>0x132ce</load_address>
         <run_address>0x132ce</run_address>
         <size>0x98</size>
         <input_file_ref idref="fl-5"/>
      </object_component>
      <object_component id="oc-9c3">
         <name>.text:_ecpy</name>
         <load_address>0x13366</load_address>
         <run_address>0x13366</run_address>
         <size>0x90</size>
         <input_file_ref idref="fl-65"/>
      </object_component>
      <object_component id="oc-9c9">
         <name>.text:_mcpy</name>
         <load_address>0x133f6</load_address>
         <run_address>0x133f6</run_address>
         <size>0x90</size>
         <input_file_ref idref="fl-65"/>
      </object_component>
      <object_component id="oc-704">
         <name>.text:__mspabi_cvtdf</name>
         <load_address>0x13486</load_address>
         <run_address>0x13486</run_address>
         <size>0x8c</size>
         <input_file_ref idref="fl-45"/>
      </object_component>
      <object_component id="oc-7da">
         <name>.text:drawCharMdBkg</name>
         <load_address>0x13512</load_address>
         <run_address>0x13512</run_address>
         <size>0x86</size>
         <input_file_ref idref="fl-2"/>
      </object_component>
      <object_component id="oc-7b7">
         <name>.text:__mspabi_fltuld</name>
         <load_address>0x13598</load_address>
         <run_address>0x13598</run_address>
         <size>0x80</size>
         <input_file_ref idref="fl-4a"/>
      </object_component>
      <object_component id="oc-a1a">
         <name>.text:ltoa</name>
         <load_address>0x13618</load_address>
         <run_address>0x13618</run_address>
         <size>0x80</size>
         <input_file_ref idref="fl-7c"/>
      </object_component>
      <object_component id="oc-7d4">
         <name>.text:drawCharLgBkg</name>
         <load_address>0x13698</load_address>
         <run_address>0x13698</run_address>
         <size>0x7c</size>
         <input_file_ref idref="fl-2"/>
      </object_component>
      <object_component id="oc-7e0">
         <name>.text:drawCharSmBkg</name>
         <load_address>0x13714</load_address>
         <run_address>0x13714</run_address>
         <size>0x7a</size>
         <input_file_ref idref="fl-2"/>
      </object_component>
      <object_component id="oc-793">
         <name>.text:gammaAdjustmentST7735</name>
         <load_address>0x1378e</load_address>
         <run_address>0x1378e</run_address>
         <size>0x7a</size>
         <input_file_ref idref="fl-3"/>
      </object_component>
      <object_component id="oc-972">
         <name>.text:_pconv_f</name>
         <load_address>0x13808</load_address>
         <run_address>0x13808</run_address>
         <size>0x78</size>
         <input_file_ref idref="fl-65"/>
      </object_component>
      <object_component id="oc-7a">
         <name>.text:decompress:lzss:__TI_decompress_lzss</name>
         <load_address>0x13880</load_address>
         <run_address>0x13880</run_address>
         <size>0x76</size>
         <input_file_ref idref="fl-27"/>
      </object_component>
      <object_component id="oc-a14">
         <name>.text:__mspabi_fixdli</name>
         <load_address>0x138f6</load_address>
         <run_address>0x138f6</run_address>
         <size>0x66</size>
         <input_file_ref idref="fl-6c"/>
      </object_component>
      <object_component id="oc-7ec">
         <name>.text:drawCharMd</name>
         <load_address>0x1395c</load_address>
         <run_address>0x1395c</run_address>
         <size>0x64</size>
         <input_file_ref idref="fl-2"/>
      </object_component>
      <object_component id="oc-906">
         <name>.text:atoi</name>
         <load_address>0x139c0</load_address>
         <run_address>0x139c0</run_address>
         <size>0x62</size>
         <input_file_ref idref="fl-76"/>
      </object_component>
      <object_component id="oc-724">
         <name>.text:snprintf</name>
         <load_address>0x13a22</load_address>
         <run_address>0x13a22</run_address>
         <size>0x62</size>
         <input_file_ref idref="fl-64"/>
      </object_component>
      <object_component id="oc-71d">
         <name>.text:__mspabi_cvtfd</name>
         <load_address>0x13a84</load_address>
         <run_address>0x13a84</run_address>
         <size>0x5c</size>
         <input_file_ref idref="fl-46"/>
      </object_component>
      <object_component id="oc-7e6">
         <name>.text:drawCharLg</name>
         <load_address>0x13ae0</load_address>
         <run_address>0x13ae0</run_address>
         <size>0x5a</size>
         <input_file_ref idref="fl-2"/>
      </object_component>
      <object_component id="oc-7f2">
         <name>.text:drawCharSm</name>
         <load_address>0x13b3a</load_address>
         <run_address>0x13b3a</run_address>
         <size>0x5a</size>
         <input_file_ref idref="fl-2"/>
      </object_component>
      <object_component id="oc-6ec">
         <name>.text:clearScreen</name>
         <load_address>0x13b94</load_address>
         <run_address>0x13b94</run_address>
         <size>0x58</size>
         <input_file_ref idref="fl-2"/>
      </object_component>
      <object_component id="oc-9a4">
         <name>.text</name>
         <load_address>0x13bec</load_address>
         <run_address>0x13bec</run_address>
         <size>0x58</size>
         <input_file_ref idref="fl-69"/>
      </object_component>
      <object_component id="oc-7a6">
         <name>.text:setArea</name>
         <load_address>0x13c44</load_address>
         <run_address>0x13c44</run_address>
         <size>0x56</size>
         <input_file_ref idref="fl-3"/>
      </object_component>
      <object_component id="oc-755">
         <name>.text:__TI_auto_init_nobinit_nopinit_hold_wdt:__TI_auto_init_nobinit_nopinit_hold_wdt</name>
         <load_address>0x13c9a</load_address>
         <run_address>0x13c9a</run_address>
         <size>0x54</size>
         <input_file_ref idref="fl-5c"/>
      </object_component>
      <object_component id="oc-78d">
         <name>.text:setOrientation</name>
         <load_address>0x13cee</load_address>
         <run_address>0x13cee</run_address>
         <size>0x54</size>
         <input_file_ref idref="fl-3"/>
      </object_component>
      <object_component id="oc-9d6">
         <name>.text:_fcpy</name>
         <load_address>0x13d42</load_address>
         <run_address>0x13d42</run_address>
         <size>0x4e</size>
         <input_file_ref idref="fl-65"/>
      </object_component>
      <object_component id="oc-6e6">
         <name>.text:initLCD</name>
         <load_address>0x13d90</load_address>
         <run_address>0x13d90</run_address>
         <size>0x4a</size>
         <input_file_ref idref="fl-3"/>
      </object_component>
      <object_component id="oc-a64">
         <name>.text</name>
         <load_address>0x13dda</load_address>
         <run_address>0x13dda</run_address>
         <size>0x40</size>
         <input_file_ref idref="fl-7d"/>
      </object_component>
      <object_component id="oc-7f9">
         <name>.text:l_asr_const</name>
         <load_address>0x13e1a</load_address>
         <run_address>0x13e1a</run_address>
         <size>0x3e</size>
         <input_file_ref idref="fl-56"/>
      </object_component>
      <object_component id="oc-7cb">
         <name>.text:l_lsl_const</name>
         <load_address>0x13e58</load_address>
         <run_address>0x13e58</run_address>
         <size>0x3e</size>
         <input_file_ref idref="fl-55"/>
      </object_component>
      <object_component id="oc-86c">
         <name>.text:l_lsr_const</name>
         <load_address>0x13e96</load_address>
         <run_address>0x13e96</run_address>
         <size>0x3e</size>
         <input_file_ref idref="fl-57"/>
      </object_component>
      <object_component id="oc-9fd">
         <name>.text:__mspabi_sllll</name>
         <load_address>0x13ed4</load_address>
         <run_address>0x13ed4</run_address>
         <size>0x3a</size>
         <input_file_ref idref="fl-70"/>
      </object_component>
      <object_component id="oc-9ae">
         <name>.text:__mspabi_srlll</name>
         <load_address>0x13f0e</load_address>
         <run_address>0x13f0e</run_address>
         <size>0x3a</size>
         <input_file_ref idref="fl-58"/>
      </object_component>
      <object_component id="oc-804">
         <name>.text:_outs</name>
         <load_address>0x13f48</load_address>
         <run_address>0x13f48</run_address>
         <size>0x36</size>
         <input_file_ref idref="fl-64"/>
      </object_component>
      <object_component id="oc-a26">
         <name>.text:__mspabi_subd</name>
         <load_address>0x13f7e</load_address>
         <run_address>0x13f7e</run_address>
         <size>0x32</size>
         <input_file_ref idref="fl-71"/>
      </object_component>
      <object_component id="oc-966">
         <name>.text:__mspabi_negd</name>
         <load_address>0x13fb0</load_address>
         <run_address>0x13fb0</run_address>
         <size>0x2e</size>
         <input_file_ref idref="fl-6f"/>
      </object_component>
      <object_component id="oc-a81">
         <name>.text:copysign</name>
         <load_address>0x13fde</load_address>
         <run_address>0x13fde</run_address>
         <size>0x2e</size>
         <input_file_ref idref="fl-7b"/>
      </object_component>
      <object_component id="oc-a2c">
         <name>.text:__mspabi_fixdi</name>
         <load_address>0x1400c</load_address>
         <run_address>0x1400c</run_address>
         <size>0x28</size>
         <input_file_ref idref="fl-6b"/>
      </object_component>
      <object_component id="oc-635">
         <name>.text:decompress:ZI:__TI_zero_init_nomemset:__TI_zero_init_nomemset</name>
         <load_address>0x14034</load_address>
         <run_address>0x14034</run_address>
         <size>0x24</size>
         <input_file_ref idref="fl-44"/>
      </object_component>
      <object_component id="oc-873">
         <name>.text</name>
         <load_address>0x14058</load_address>
         <run_address>0x14058</run_address>
         <size>0x24</size>
         <input_file_ref idref="fl-51"/>
      </object_component>
      <object_component id="oc-72a">
         <name>.text:trigger</name>
         <load_address>0x1407c</load_address>
         <run_address>0x1407c</run_address>
         <size>0x22</size>
         <input_file_ref idref="fl-6"/>
      </object_component>
      <object_component id="oc-80a">
         <name>.text:_outc</name>
         <load_address>0x1409e</load_address>
         <run_address>0x1409e</run_address>
         <size>0x20</size>
         <input_file_ref idref="fl-64"/>
      </object_component>
      <object_component id="oc-920">
         <name>.text:memccpy</name>
         <load_address>0x140be</load_address>
         <run_address>0x140be</run_address>
         <size>0x1e</size>
         <input_file_ref idref="fl-7e"/>
      </object_component>
      <object_component id="oc-a52">
         <name>.text:strchr</name>
         <load_address>0x140dc</load_address>
         <run_address>0x140dc</run_address>
         <size>0x1c</size>
         <input_file_ref idref="fl-80"/>
      </object_component>
      <object_component id="oc-787">
         <name>.text:writeData</name>
         <load_address>0x140f8</load_address>
         <run_address>0x140f8</run_address>
         <size>0x1c</size>
         <input_file_ref idref="fl-5"/>
      </object_component>
      <object_component id="oc-890">
         <name>.text:drawPixel</name>
         <load_address>0x14114</load_address>
         <run_address>0x14114</run_address>
         <size>0x1a</size>
         <input_file_ref idref="fl-2"/>
      </object_component>
      <object_component id="oc-87f">
         <name>.text</name>
         <load_address>0x1412e</load_address>
         <run_address>0x1412e</run_address>
         <size>0x18</size>
         <input_file_ref idref="fl-4f"/>
      </object_component>
      <object_component id="oc-77b">
         <name>.text:writeCommand</name>
         <load_address>0x14146</load_address>
         <run_address>0x14146</run_address>
         <size>0x18</size>
         <input_file_ref idref="fl-5"/>
      </object_component>
      <object_component id="oc-781">
         <name>.text:delay</name>
         <load_address>0x1415e</load_address>
         <run_address>0x1415e</run_address>
         <size>0x16</size>
         <input_file_ref idref="fl-3"/>
      </object_component>
      <object_component id="oc-90d">
         <name>.text:memset</name>
         <load_address>0x14174</load_address>
         <run_address>0x14174</run_address>
         <size>0x16</size>
         <input_file_ref idref="fl-7f"/>
      </object_component>
      <object_component id="oc-9a9">
         <name>.text</name>
         <load_address>0x1418a</load_address>
         <run_address>0x1418a</run_address>
         <size>0x16</size>
         <input_file_ref idref="fl-48"/>
      </object_component>
      <object_component id="oc-928">
         <name>.text:wcslen</name>
         <load_address>0x141a0</load_address>
         <run_address>0x141a0</run_address>
         <size>0x16</size>
         <input_file_ref idref="fl-83"/>
      </object_component>
      <object_component id="oc-617">
         <name>.text:memcpy</name>
         <load_address>0x141b6</load_address>
         <run_address>0x141b6</run_address>
         <size>0x14</size>
         <input_file_ref idref="fl-63"/>
      </object_component>
      <object_component id="oc-80">
         <name>.text:decompress:none:__TI_decompress_none</name>
         <load_address>0x141ca</load_address>
         <run_address>0x141ca</run_address>
         <size>0x12</size>
         <input_file_ref idref="fl-28"/>
      </object_component>
      <object_component id="oc-6f2">
         <name>.text:getData</name>
         <load_address>0x141dc</load_address>
         <run_address>0x141dc</run_address>
         <size>0x12</size>
         <input_file_ref idref="fl-6"/>
      </object_component>
      <object_component id="oc-960">
         <name>.text:toupper</name>
         <load_address>0x141ee</load_address>
         <run_address>0x141ee</run_address>
         <size>0x12</size>
         <input_file_ref idref="fl-82"/>
      </object_component>
      <object_component id="oc-aa5">
         <name>.text:l_asr</name>
         <load_address>0x14200</load_address>
         <run_address>0x14200</run_address>
         <size>0x10</size>
         <input_file_ref idref="fl-56"/>
      </object_component>
      <object_component id="oc-aa0">
         <name>.text:l_lsl</name>
         <load_address>0x14210</load_address>
         <run_address>0x14210</run_address>
         <size>0x10</size>
         <input_file_ref idref="fl-55"/>
      </object_component>
      <object_component id="oc-a03">
         <name>.text:l_lsr</name>
         <load_address>0x14220</load_address>
         <run_address>0x14220</run_address>
         <size>0x10</size>
         <input_file_ref idref="fl-57"/>
      </object_component>
      <object_component id="oc-89c">
         <name>.text:strlen</name>
         <load_address>0x14230</load_address>
         <run_address>0x14230</run_address>
         <size>0xe</size>
         <input_file_ref idref="fl-81"/>
      </object_component>
      <object_component id="oc-a58">
         <name>.text:__mspabi_fltid</name>
         <load_address>0x1423e</load_address>
         <run_address>0x1423e</run_address>
         <size>0xc</size>
         <input_file_ref idref="fl-6d"/>
      </object_component>
      <object_component id="oc-7ac">
         <name>.text:setBackgroundColor</name>
         <load_address>0x1424a</load_address>
         <run_address>0x1424a</run_address>
         <size>0xc</size>
         <input_file_ref idref="fl-2"/>
      </object_component>
      <object_component id="oc-710">
         <name>.text:setColor</name>
         <load_address>0x14256</load_address>
         <run_address>0x14256</run_address>
         <size>0xc</size>
         <input_file_ref idref="fl-2"/>
      </object_component>
      <object_component id="oc-a33">
         <name>.text:abs</name>
         <load_address>0x14262</load_address>
         <run_address>0x14262</run_address>
         <size>0xa</size>
         <input_file_ref idref="fl-75"/>
      </object_component>
      <object_component id="oc-6f8">
         <name>.text:__mspabi_fltud</name>
         <load_address>0x1426c</load_address>
         <run_address>0x1426c</run_address>
         <size>0x6</size>
         <input_file_ref idref="fl-49"/>
      </object_component>
      <object_component id="oc-731">
         <name>.text:abort</name>
         <load_address>0x14272</load_address>
         <run_address>0x14272</run_address>
         <size>0x6</size>
         <input_file_ref idref="fl-60"/>
      </object_component>
      <object_component id="oc-7a0">
         <name>.text:getScreenHeight</name>
         <load_address>0x14278</load_address>
         <run_address>0x14278</run_address>
         <size>0x6</size>
         <input_file_ref idref="fl-3"/>
      </object_component>
      <object_component id="oc-79a">
         <name>.text:getScreenWidth</name>
         <load_address>0x1427e</load_address>
         <run_address>0x1427e</run_address>
         <size>0x6</size>
         <input_file_ref idref="fl-3"/>
      </object_component>
      <object_component id="oc-695">
         <name>.text:_system_pre_init</name>
         <load_address>0x14284</load_address>
         <run_address>0x14284</run_address>
         <size>0x4</size>
         <input_file_ref idref="fl-5e"/>
      </object_component>
      <object_component id="oc-835">
         <name>.text:_system_post_cinit</name>
         <load_address>0x14288</load_address>
         <run_address>0x14288</run_address>
         <size>0x2</size>
         <input_file_ref idref="fl-5d"/>
      </object_component>
      <object_component id="oc-6db">
         <name>.common:state</name>
         <uninitialized>true</uninitialized>
         <run_address>0x1c14</run_address>
         <size>0x2</size>
      </object_component>
      <object_component id="oc-716">
         <name>.common:stringDistance</name>
         <uninitialized>true</uninitialized>
         <run_address>0x1c00</run_address>
         <size>0xa</size>
      </object_component>
      <object_component id="oc-689">
         <name>.common:time</name>
         <uninitialized>true</uninitialized>
         <run_address>0x1c16</run_address>
         <size>0x2</size>
      </object_component>
      <object_component id="oc-688">
         <name>.common:start</name>
         <uninitialized>true</uninitialized>
         <run_address>0x1c12</run_address>
         <size>0x2</size>
      </object_component>
      <object_component id="oc-70f">
         <name>.common:distance</name>
         <uninitialized>true</uninitialized>
         <run_address>0x1c0a</run_address>
         <size>0x4</size>
      </object_component>
      <object_component id="oc-68a">
         <name>.common:current_state</name>
         <uninitialized>true</uninitialized>
         <run_address>0x1c0e</run_address>
         <size>0x2</size>
      </object_component>
      <object_component id="oc-683">
         <name>.common:edge</name>
         <uninitialized>true</uninitialized>
         <run_address>0x1c10</run_address>
         <size>0x2</size>
      </object_component>
      <object_component id="oc-7b2">
         <name>.data</name>
         <load_address>0x1c18</load_address>
         <run_address>0x1c18</run_address>
         <size>0x4</size>
         <input_file_ref idref="fl-2"/>
      </object_component>
      <object_component id="oc-85b">
         <name>.data</name>
         <load_address>0x1c1e</load_address>
         <run_address>0x1c1e</run_address>
         <size>0x1</size>
         <input_file_ref idref="fl-3"/>
      </object_component>
      <object_component id="oc-92e">
         <name>.data</name>
         <load_address>0x1c1c</load_address>
         <run_address>0x1c1c</run_address>
         <size>0x2</size>
         <input_file_ref idref="fl-78"/>
      </object_component>
      <object_component id="oc-608">
         <name>.stack</name>
         <uninitialized>true</uninitialized>
         <run_address>0x2360</run_address>
         <size>0x4</size>
         <input_file_ref idref="fl-59"/>
      </object_component>
      <object_component id="oc-b30">
         <name>.stack</name>
         <uninitialized>true</uninitialized>
         <run_address>0x2360</run_address>
         <size>0x0</size>
      </object_component>
      <object_component id="oc-86">
         <name>.int27</name>
         <load_address>0xffc6</load_address>
         <run_address>0xffc6</run_address>
         <size>0x2</size>
         <input_file_ref idref="fl-29"/>
      </object_component>
      <object_component id="oc-87">
         <name>.int28</name>
         <load_address>0xffc8</load_address>
         <run_address>0xffc8</run_address>
         <size>0x2</size>
         <input_file_ref idref="fl-2b"/>
      </object_component>
      <object_component id="oc-88">
         <name>.int29</name>
         <load_address>0xffca</load_address>
         <run_address>0xffca</run_address>
         <size>0x2</size>
         <input_file_ref idref="fl-2c"/>
      </object_component>
      <object_component id="oc-89">
         <name>.int30</name>
         <load_address>0xffcc</load_address>
         <run_address>0xffcc</run_address>
         <size>0x2</size>
         <input_file_ref idref="fl-2d"/>
      </object_component>
      <object_component id="oc-8a">
         <name>.int31</name>
         <load_address>0xffce</load_address>
         <run_address>0xffce</run_address>
         <size>0x2</size>
         <input_file_ref idref="fl-2e"/>
      </object_component>
      <object_component id="oc-8b">
         <name>.int32</name>
         <load_address>0xffd0</load_address>
         <run_address>0xffd0</run_address>
         <size>0x2</size>
         <input_file_ref idref="fl-2f"/>
      </object_component>
      <object_component id="oc-8c">
         <name>.int33</name>
         <load_address>0xffd2</load_address>
         <run_address>0xffd2</run_address>
         <size>0x2</size>
         <input_file_ref idref="fl-30"/>
      </object_component>
      <object_component id="oc-8d">
         <name>.int34</name>
         <load_address>0xffd4</load_address>
         <run_address>0xffd4</run_address>
         <size>0x2</size>
         <input_file_ref idref="fl-31"/>
      </object_component>
      <object_component id="oc-8e">
         <name>.int35</name>
         <load_address>0xffd6</load_address>
         <run_address>0xffd6</run_address>
         <size>0x2</size>
         <input_file_ref idref="fl-32"/>
      </object_component>
      <object_component id="oc-8f">
         <name>.int36</name>
         <load_address>0xffd8</load_address>
         <run_address>0xffd8</run_address>
         <size>0x2</size>
         <input_file_ref idref="fl-33"/>
      </object_component>
      <object_component id="oc-90">
         <name>.int37</name>
         <load_address>0xffda</load_address>
         <run_address>0xffda</run_address>
         <size>0x2</size>
         <input_file_ref idref="fl-34"/>
      </object_component>
      <object_component id="oc-91">
         <name>.int38</name>
         <load_address>0xffdc</load_address>
         <run_address>0xffdc</run_address>
         <size>0x2</size>
         <input_file_ref idref="fl-6"/>
      </object_component>
      <object_component id="oc-92">
         <name>.int39</name>
         <load_address>0xffde</load_address>
         <run_address>0xffde</run_address>
         <size>0x2</size>
         <input_file_ref idref="fl-35"/>
      </object_component>
      <object_component id="oc-93">
         <name>.int40</name>
         <load_address>0xffe0</load_address>
         <run_address>0xffe0</run_address>
         <size>0x2</size>
         <input_file_ref idref="fl-36"/>
      </object_component>
      <object_component id="oc-94">
         <name>.int41</name>
         <load_address>0xffe2</load_address>
         <run_address>0xffe2</run_address>
         <size>0x2</size>
         <input_file_ref idref="fl-37"/>
      </object_component>
      <object_component id="oc-95">
         <name>.int42</name>
         <load_address>0xffe4</load_address>
         <run_address>0xffe4</run_address>
         <size>0x2</size>
         <input_file_ref idref="fl-38"/>
      </object_component>
      <object_component id="oc-96">
         <name>.int43</name>
         <load_address>0xffe6</load_address>
         <run_address>0xffe6</run_address>
         <size>0x2</size>
         <input_file_ref idref="fl-39"/>
      </object_component>
      <object_component id="oc-97">
         <name>.int44</name>
         <load_address>0xffe8</load_address>
         <run_address>0xffe8</run_address>
         <size>0x2</size>
         <input_file_ref idref="fl-6"/>
      </object_component>
      <object_component id="oc-98">
         <name>.int45</name>
         <load_address>0xffea</load_address>
         <run_address>0xffea</run_address>
         <size>0x2</size>
         <input_file_ref idref="fl-3a"/>
      </object_component>
      <object_component id="oc-99">
         <name>.int46</name>
         <load_address>0xffec</load_address>
         <run_address>0xffec</run_address>
         <size>0x2</size>
         <input_file_ref idref="fl-3b"/>
      </object_component>
      <object_component id="oc-9a">
         <name>.int47</name>
         <load_address>0xffee</load_address>
         <run_address>0xffee</run_address>
         <size>0x2</size>
         <input_file_ref idref="fl-3c"/>
      </object_component>
      <object_component id="oc-9b">
         <name>.int48</name>
         <load_address>0xfff0</load_address>
         <run_address>0xfff0</run_address>
         <size>0x2</size>
         <input_file_ref idref="fl-3d"/>
      </object_component>
      <object_component id="oc-9c">
         <name>.int49</name>
         <load_address>0xfff2</load_address>
         <run_address>0xfff2</run_address>
         <size>0x2</size>
         <input_file_ref idref="fl-3e"/>
      </object_component>
      <object_component id="oc-9d">
         <name>.int50</name>
         <load_address>0xfff4</load_address>
         <run_address>0xfff4</run_address>
         <size>0x2</size>
         <input_file_ref idref="fl-3f"/>
      </object_component>
      <object_component id="oc-9e">
         <name>.int51</name>
         <load_address>0xfff6</load_address>
         <run_address>0xfff6</run_address>
         <size>0x2</size>
         <input_file_ref idref="fl-40"/>
      </object_component>
      <object_component id="oc-9f">
         <name>.int52</name>
         <load_address>0xfff8</load_address>
         <run_address>0xfff8</run_address>
         <size>0x2</size>
         <input_file_ref idref="fl-41"/>
      </object_component>
      <object_component id="oc-a0">
         <name>.int53</name>
         <load_address>0xfffa</load_address>
         <run_address>0xfffa</run_address>
         <size>0x2</size>
         <input_file_ref idref="fl-42"/>
      </object_component>
      <object_component id="oc-a1">
         <name>.int54</name>
         <load_address>0xfffc</load_address>
         <run_address>0xfffc</run_address>
         <size>0x2</size>
         <input_file_ref idref="fl-43"/>
      </object_component>
      <object_component id="oc-60b">
         <name>.reset</name>
         <load_address>0xfffe</load_address>
         <run_address>0xfffe</run_address>
         <size>0x2</size>
         <input_file_ref idref="fl-59"/>
      </object_component>
      <object_component id="oc-775">
         <name>.debug_info</name>
         <load_address>0x0</load_address>
         <run_address>0x0</run_address>
         <size>0x25d</size>
         <input_file_ref idref="fl-2"/>
      </object_component>
      <object_component id="oc-88d">
         <name>.debug_info</name>
         <load_address>0x25d</load_address>
         <run_address>0x25d</run_address>
         <size>0xd8</size>
         <input_file_ref idref="fl-2"/>
      </object_component>
      <object_component id="oc-889">
         <name>.debug_info</name>
         <load_address>0x335</load_address>
         <run_address>0x335</run_address>
         <size>0xda</size>
         <input_file_ref idref="fl-2"/>
      </object_component>
      <object_component id="oc-885">
         <name>.debug_info</name>
         <load_address>0x40f</load_address>
         <run_address>0x40f</run_address>
         <size>0xdc</size>
         <input_file_ref idref="fl-2"/>
      </object_component>
      <object_component id="oc-7b3">
         <name>.debug_info</name>
         <load_address>0x4eb</load_address>
         <run_address>0x4eb</run_address>
         <size>0x167</size>
         <input_file_ref idref="fl-2"/>
      </object_component>
      <object_component id="oc-711">
         <name>.debug_info</name>
         <load_address>0x652</load_address>
         <run_address>0x652</run_address>
         <size>0x130</size>
         <input_file_ref idref="fl-2"/>
      </object_component>
      <object_component id="oc-7ad">
         <name>.debug_info</name>
         <load_address>0x782</load_address>
         <run_address>0x782</run_address>
         <size>0x144</size>
         <input_file_ref idref="fl-2"/>
      </object_component>
      <object_component id="oc-891">
         <name>.debug_info</name>
         <load_address>0x8c6</load_address>
         <run_address>0x8c6</run_address>
         <size>0x166</size>
         <input_file_ref idref="fl-2"/>
      </object_component>
      <object_component id="oc-7d5">
         <name>.debug_info</name>
         <load_address>0xa2c</load_address>
         <run_address>0xa2c</run_address>
         <size>0x1e7</size>
         <input_file_ref idref="fl-2"/>
      </object_component>
      <object_component id="oc-7db">
         <name>.debug_info</name>
         <load_address>0xc13</load_address>
         <run_address>0xc13</run_address>
         <size>0x1e7</size>
         <input_file_ref idref="fl-2"/>
      </object_component>
      <object_component id="oc-7e1">
         <name>.debug_info</name>
         <load_address>0xdfa</load_address>
         <run_address>0xdfa</run_address>
         <size>0x1d3</size>
         <input_file_ref idref="fl-2"/>
      </object_component>
      <object_component id="oc-7e9">
         <name>.debug_info</name>
         <load_address>0xfcd</load_address>
         <run_address>0xfcd</run_address>
         <size>0x1a3</size>
         <input_file_ref idref="fl-2"/>
      </object_component>
      <object_component id="oc-7ed">
         <name>.debug_info</name>
         <load_address>0x1170</load_address>
         <run_address>0x1170</run_address>
         <size>0x1a3</size>
         <input_file_ref idref="fl-2"/>
      </object_component>
      <object_component id="oc-7f4">
         <name>.debug_info</name>
         <load_address>0x1313</load_address>
         <run_address>0x1313</run_address>
         <size>0x18f</size>
         <input_file_ref idref="fl-2"/>
      </object_component>
      <object_component id="oc-719">
         <name>.debug_info</name>
         <load_address>0x14a2</load_address>
         <run_address>0x14a2</run_address>
         <size>0x202</size>
         <input_file_ref idref="fl-2"/>
      </object_component>
      <object_component id="oc-6ed">
         <name>.debug_info</name>
         <load_address>0x16a4</load_address>
         <run_address>0x16a4</run_address>
         <size>0x1e7</size>
         <input_file_ref idref="fl-2"/>
      </object_component>
      <object_component id="oc-6c2">
         <name>.debug_info</name>
         <load_address>0x188b</load_address>
         <run_address>0x188b</run_address>
         <size>0x26b</size>
         <input_file_ref idref="fl-2"/>
      </object_component>
      <object_component id="oc-612">
         <name>.debug_info</name>
         <load_address>0x1af6</load_address>
         <run_address>0x1af6</run_address>
         <size>0x84</size>
         <input_file_ref idref="fl-2"/>
      </object_component>
      <object_component id="oc-770">
         <name>.debug_info</name>
         <load_address>0x1b7a</load_address>
         <run_address>0x1b7a</run_address>
         <size>0x275</size>
         <input_file_ref idref="fl-2"/>
      </object_component>
      <object_component id="oc-6c7">
         <name>.debug_info</name>
         <load_address>0x1def</load_address>
         <run_address>0x1def</run_address>
         <size>0xbb</size>
         <input_file_ref idref="fl-2"/>
      </object_component>
      <object_component id="oc-6dc">
         <name>.debug_info</name>
         <load_address>0x1eaa</load_address>
         <run_address>0x1eaa</run_address>
         <size>0x1fa</size>
         <input_file_ref idref="fl-3"/>
      </object_component>
      <object_component id="oc-85c">
         <name>.debug_info</name>
         <load_address>0x20a4</load_address>
         <run_address>0x20a4</run_address>
         <size>0xdb</size>
         <input_file_ref idref="fl-3"/>
      </object_component>
      <object_component id="oc-860">
         <name>.debug_info</name>
         <load_address>0x217f</load_address>
         <run_address>0x217f</run_address>
         <size>0xd0</size>
         <input_file_ref idref="fl-3"/>
      </object_component>
      <object_component id="oc-863">
         <name>.debug_info</name>
         <load_address>0x224f</load_address>
         <run_address>0x224f</run_address>
         <size>0xd0</size>
         <input_file_ref idref="fl-3"/>
      </object_component>
      <object_component id="oc-78f">
         <name>.debug_info</name>
         <load_address>0x231f</load_address>
         <run_address>0x231f</run_address>
         <size>0x198</size>
         <input_file_ref idref="fl-3"/>
      </object_component>
      <object_component id="oc-7a8">
         <name>.debug_info</name>
         <load_address>0x24b7</load_address>
         <run_address>0x24b7</run_address>
         <size>0x24a</size>
         <input_file_ref idref="fl-3"/>
      </object_component>
      <object_component id="oc-782">
         <name>.debug_info</name>
         <load_address>0x2701</load_address>
         <run_address>0x2701</run_address>
         <size>0x11b</size>
         <input_file_ref idref="fl-3"/>
      </object_component>
      <object_component id="oc-794">
         <name>.debug_info</name>
         <load_address>0x281c</load_address>
         <run_address>0x281c</run_address>
         <size>0x1b0</size>
         <input_file_ref idref="fl-3"/>
      </object_component>
      <object_component id="oc-6e8">
         <name>.debug_info</name>
         <load_address>0x29cc</load_address>
         <run_address>0x29cc</run_address>
         <size>0x1b1</size>
         <input_file_ref idref="fl-3"/>
      </object_component>
      <object_component id="oc-79d">
         <name>.debug_info</name>
         <load_address>0x2b7d</load_address>
         <run_address>0x2b7d</run_address>
         <size>0x10b</size>
         <input_file_ref idref="fl-3"/>
      </object_component>
      <object_component id="oc-7a3">
         <name>.debug_info</name>
         <load_address>0x2c88</load_address>
         <run_address>0x2c88</run_address>
         <size>0x10d</size>
         <input_file_ref idref="fl-3"/>
      </object_component>
      <object_component id="oc-6cc">
         <name>.debug_info</name>
         <load_address>0x2d95</load_address>
         <run_address>0x2d95</run_address>
         <size>0x68</size>
         <input_file_ref idref="fl-3"/>
      </object_component>
      <object_component id="oc-684">
         <name>.debug_info</name>
         <load_address>0x2dfd</load_address>
         <run_address>0x2dfd</run_address>
         <size>0x3e6</size>
         <input_file_ref idref="fl-4"/>
      </object_component>
      <object_component id="oc-69c">
         <name>.debug_info</name>
         <load_address>0x31e3</load_address>
         <run_address>0x31e3</run_address>
         <size>0x218</size>
         <input_file_ref idref="fl-4"/>
      </object_component>
      <object_component id="oc-6d1">
         <name>.debug_info</name>
         <load_address>0x33fb</load_address>
         <run_address>0x33fb</run_address>
         <size>0xcc</size>
         <input_file_ref idref="fl-4"/>
      </object_component>
      <object_component id="oc-8bc">
         <name>.debug_info</name>
         <load_address>0x34c7</load_address>
         <run_address>0x34c7</run_address>
         <size>0x2c</size>
         <input_file_ref idref="fl-4"/>
      </object_component>
      <object_component id="oc-6de">
         <name>.debug_info</name>
         <load_address>0x34f3</load_address>
         <run_address>0x34f3</run_address>
         <size>0x49c</size>
         <input_file_ref idref="fl-5"/>
      </object_component>
      <object_component id="oc-788">
         <name>.debug_info</name>
         <load_address>0x398f</load_address>
         <run_address>0x398f</run_address>
         <size>0x125</size>
         <input_file_ref idref="fl-5"/>
      </object_component>
      <object_component id="oc-77d">
         <name>.debug_info</name>
         <load_address>0x3ab4</load_address>
         <run_address>0x3ab4</run_address>
         <size>0x137</size>
         <input_file_ref idref="fl-5"/>
      </object_component>
      <object_component id="oc-6e2">
         <name>.debug_info</name>
         <load_address>0x3beb</load_address>
         <run_address>0x3beb</run_address>
         <size>0x105</size>
         <input_file_ref idref="fl-5"/>
      </object_component>
      <object_component id="oc-686">
         <name>.debug_info</name>
         <load_address>0x3cf0</load_address>
         <run_address>0x3cf0</run_address>
         <size>0x347</size>
         <input_file_ref idref="fl-6"/>
      </object_component>
      <object_component id="oc-72d">
         <name>.debug_info</name>
         <load_address>0x4037</load_address>
         <run_address>0x4037</run_address>
         <size>0x10e</size>
         <input_file_ref idref="fl-6"/>
      </object_component>
      <object_component id="oc-6f5">
         <name>.debug_info</name>
         <load_address>0x4145</load_address>
         <run_address>0x4145</run_address>
         <size>0x10e</size>
         <input_file_ref idref="fl-6"/>
      </object_component>
      <object_component id="oc-62b">
         <name>.debug_info</name>
         <load_address>0x4253</load_address>
         <run_address>0x4253</run_address>
         <size>0x11b</size>
         <input_file_ref idref="fl-6"/>
      </object_component>
      <object_component id="oc-631">
         <name>.debug_info</name>
         <load_address>0x436e</load_address>
         <run_address>0x436e</run_address>
         <size>0x11b</size>
         <input_file_ref idref="fl-6"/>
      </object_component>
      <object_component id="oc-678">
         <name>.debug_info</name>
         <load_address>0x4489</load_address>
         <run_address>0x4489</run_address>
         <size>0x17f</size>
         <input_file_ref idref="fl-27"/>
      </object_component>
      <object_component id="oc-7d">
         <name>.debug_info</name>
         <load_address>0x4608</load_address>
         <run_address>0x4608</run_address>
         <size>0x254</size>
         <input_file_ref idref="fl-27"/>
      </object_component>
      <object_component id="oc-60d">
         <name>.debug_info</name>
         <load_address>0x485c</load_address>
         <run_address>0x485c</run_address>
         <size>0x60</size>
         <input_file_ref idref="fl-27"/>
      </object_component>
      <object_component id="oc-6b7">
         <name>.debug_info</name>
         <load_address>0x48bc</load_address>
         <run_address>0x48bc</run_address>
         <size>0x46</size>
         <input_file_ref idref="fl-27"/>
      </object_component>
      <object_component id="oc-673">
         <name>.debug_info</name>
         <load_address>0x4902</load_address>
         <run_address>0x4902</run_address>
         <size>0x39</size>
         <input_file_ref idref="fl-27"/>
      </object_component>
      <object_component id="oc-623">
         <name>.debug_info</name>
         <load_address>0x493b</load_address>
         <run_address>0x493b</run_address>
         <size>0x193</size>
         <input_file_ref idref="fl-28"/>
      </object_component>
      <object_component id="oc-83">
         <name>.debug_info</name>
         <load_address>0x4ace</load_address>
         <run_address>0x4ace</run_address>
         <size>0x1d7</size>
         <input_file_ref idref="fl-28"/>
      </object_component>
      <object_component id="oc-61e">
         <name>.debug_info</name>
         <load_address>0x4ca5</load_address>
         <run_address>0x4ca5</run_address>
         <size>0x46</size>
         <input_file_ref idref="fl-28"/>
      </object_component>
      <object_component id="oc-625">
         <name>.debug_info</name>
         <load_address>0x4ceb</load_address>
         <run_address>0x4ceb</run_address>
         <size>0x113</size>
         <input_file_ref idref="fl-2a"/>
      </object_component>
      <object_component id="oc-693">
         <name>.debug_info</name>
         <load_address>0x4dfe</load_address>
         <run_address>0x4dfe</run_address>
         <size>0x183</size>
         <input_file_ref idref="fl-44"/>
      </object_component>
      <object_component id="oc-636">
         <name>.debug_info</name>
         <load_address>0x4f81</load_address>
         <run_address>0x4f81</run_address>
         <size>0x1db</size>
         <input_file_ref idref="fl-44"/>
      </object_component>
      <object_component id="oc-68e">
         <name>.debug_info</name>
         <load_address>0x515c</load_address>
         <run_address>0x515c</run_address>
         <size>0x46</size>
         <input_file_ref idref="fl-44"/>
      </object_component>
      <object_component id="oc-7d1">
         <name>.debug_info</name>
         <load_address>0x51a2</load_address>
         <run_address>0x51a2</run_address>
         <size>0x16e</size>
         <input_file_ref idref="fl-45"/>
      </object_component>
      <object_component id="oc-705">
         <name>.debug_info</name>
         <load_address>0x5310</load_address>
         <run_address>0x5310</run_address>
         <size>0x1af</size>
         <input_file_ref idref="fl-45"/>
      </object_component>
      <object_component id="oc-7ff">
         <name>.debug_info</name>
         <load_address>0x54bf</load_address>
         <run_address>0x54bf</run_address>
         <size>0xdb</size>
         <input_file_ref idref="fl-45"/>
      </object_component>
      <object_component id="oc-720">
         <name>.debug_info</name>
         <load_address>0x559a</load_address>
         <run_address>0x559a</run_address>
         <size>0x18c</size>
         <input_file_ref idref="fl-46"/>
      </object_component>
      <object_component id="oc-9ac">
         <name>.debug_info</name>
         <load_address>0x5726</load_address>
         <run_address>0x5726</run_address>
         <size>0x125</size>
         <input_file_ref idref="fl-48"/>
      </object_component>
      <object_component id="oc-6fa">
         <name>.debug_info</name>
[...]
         <name>__TI_int36</name>
         <value>0xffd8</value>
         <object_component_ref idref="oc-8f"/>
      </symbol>
      <symbol id="sm-7b8">
         <name>__TI_int37</name>
         <value>0xffda</value>
         <object_component_ref idref="oc-90"/>
      </symbol>
      <symbol id="sm-7bb">
         <name>__TI_int39</name>
         <value>0xffde</value>
         <object_component_ref idref="oc-92"/>
      </symbol>
      <symbol id="sm-7be">
         <name>__TI_int40</name>
         <value>0xffe0</value>
         <object_component_ref idref="oc-93"/>
      </symbol>
      <symbol id="sm-7c1">
         <name>__TI_int41</name>
         <value>0xffe2</value>
         <object_component_ref idref="oc-94"/>
      </symbol>
      <symbol id="sm-7c4">
         <name>__TI_int42</name>
         <value>0xffe4</value>
         <object_component_ref idref="oc-95"/>
      </symbol>
      <symbol id="sm-7c7">
         <name>__TI_int43</name>
         <value>0xffe6</value>
         <object_component_ref idref="oc-96"/>
      </symbol>
      <symbol id="sm-7ca">
         <name>__TI_int45</name>
         <value>0xffea</value>
         <object_component_ref idref="oc-98"/>
      </symbol>
      <symbol id="sm-7cd">
         <name>__TI_int46</name>
         <value>0xffec</value>
         <object_component_ref idref="oc-99"/>
      </symbol>
      <symbol id="sm-7d0">
         <name>__TI_int47</name>
         <value>0xffee</value>
         <object_component_ref idref="oc-9a"/>
      </symbol>
      <symbol id="sm-7d3">
         <name>__TI_int48</name>
         <value>0xfff0</value>
         <object_component_ref idref="oc-9b"/>
      </symbol>
      <symbol id="sm-7d6">
         <name>__TI_int49</name>
         <value>0xfff2</value>
         <object_component_ref idref="oc-9c"/>
      </symbol>
      <symbol id="sm-7d9">
         <name>__TI_int50</name>
         <value>0xfff4</value>
         <object_component_ref idref="oc-9d"/>
      </symbol>
      <symbol id="sm-7dc">
         <name>__TI_int51</name>
         <value>0xfff6</value>
         <object_component_ref idref="oc-9e"/>
      </symbol>
      <symbol id="sm-7df">
         <name>__TI_int52</name>
         <value>0xfff8</value>
         <object_component_ref idref="oc-9f"/>
      </symbol>
      <symbol id="sm-7e2">
         <name>__TI_int53</name>
         <value>0xfffa</value>
         <object_component_ref idref="oc-a0"/>
      </symbol>
      <symbol id="sm-7e5">
         <name>__TI_int54</name>
         <value>0xfffc</value>
         <object_component_ref idref="oc-a1"/>
      </symbol>
      <symbol id="sm-7f8">
         <name>__TI_zero_init_nomemset</name>
         <value>0x14034</value>
         <object_component_ref idref="oc-635"/>
      </symbol>
      <symbol id="sm-810">
         <name>__mspabi_cvtdf</name>
         <value>0x13486</value>
         <object_component_ref idref="oc-704"/>
      </symbol>
      <symbol id="sm-81e">
         <name>__mspabi_cvtfd</name>
         <value>0x13a84</value>
         <object_component_ref idref="oc-71d"/>
      </symbol>
      <symbol id="sm-829">
         <name>__mspabi_remu</name>
         <value>0x1418a</value>
         <object_component_ref idref="oc-9a9"/>
      </symbol>
      <symbol id="sm-82a">
         <name>__mspabi_divu</name>
         <value>0x1418a</value>
         <object_component_ref idref="oc-9a9"/>
      </symbol>
      <symbol id="sm-833">
         <name>__mspabi_fltud</name>
         <value>0x1426c</value>
         <object_component_ref idref="oc-6f8"/>
      </symbol>
      <symbol id="sm-84d">
         <name>__mspabi_fltuld</name>
         <value>0x13598</value>
         <object_component_ref idref="oc-7b7"/>
      </symbol>
      <symbol id="sm-86e">
         <name>__mspabi_mpyd</name>
         <value>0x1149c</value>
         <object_component_ref idref="oc-6fe"/>
      </symbol>
      <symbol id="sm-87e">
         <name>__TI_frcmpyd</name>
         <value>0x10d3a</value>
         <object_component_ref idref="oc-7be"/>
      </symbol>
      <symbol id="sm-895">
         <name>__mspabi_mpyf</name>
         <value>0x12ed6</value>
         <object_component_ref idref="oc-70a"/>
      </symbol>
      <symbol id="sm-89e">
         <name>__mspabi_mpyi_f5hw</name>
         <value>0x1412e</value>
         <object_component_ref idref="oc-87f"/>
      </symbol>
      <symbol id="sm-8a7">
         <name>__mspabi_mpyl_f5hw</name>
         <value>0x14058</value>
         <object_component_ref idref="oc-873"/>
      </symbol>
      <symbol id="sm-8ba">
         <name>__mspabi_slll_9</name>
         <value>0x13e70</value>
         <object_component_ref idref="oc-7cb"/>
      </symbol>
      <symbol id="sm-8bb">
         <name>__mspabi_slll_8</name>
         <value>0x13e74</value>
         <object_component_ref idref="oc-7cb"/>
      </symbol>
      <symbol id="sm-8bc">
         <name>__mspabi_slll_7</name>
         <value>0x13e78</value>
         <object_component_ref idref="oc-7cb"/>
      </symbol>
      <symbol id="sm-8bd">
         <name>__mspabi_slll_6</name>
         <value>0x13e7c</value>
         <object_component_ref idref="oc-7cb"/>
      </symbol>
      <symbol id="sm-8be">
         <name>__mspabi_slll_5</name>
         <value>0x13e80</value>
         <object_component_ref idref="oc-7cb"/>
      </symbol>
      <symbol id="sm-8bf">
         <name>__mspabi_slll_4</name>
         <value>0x13e84</value>
         <object_component_ref idref="oc-7cb"/>
      </symbol>
      <symbol id="sm-8c0">
         <name>__mspabi_slll_3</name>
         <value>0x13e88</value>
         <object_component_ref idref="oc-7cb"/>
      </symbol>
      <symbol id="sm-8c1">
         <name>__mspabi_slll_2</name>
         <value>0x13e8c</value>
         <object_component_ref idref="oc-7cb"/>
      </symbol>
      <symbol id="sm-8c2">
         <name>__mspabi_slll_1</name>
         <value>0x13e90</value>
         <object_component_ref idref="oc-7cb"/>
      </symbol>
      <symbol id="sm-8c3">
         <name>__mspabi_slll</name>
         <value>0x14210</value>
         <object_component_ref idref="oc-aa0"/>
      </symbol>
      <symbol id="sm-8c4">
         <name>__mspabi_slll_15</name>
         <value>0x13e58</value>
         <object_component_ref idref="oc-7cb"/>
      </symbol>
      <symbol id="sm-8c5">
         <name>__mspabi_slll_14</name>
         <value>0x13e5c</value>
         <object_component_ref idref="oc-7cb"/>
      </symbol>
      <symbol id="sm-8c6">
         <name>__mspabi_slll_13</name>
         <value>0x13e60</value>
         <object_component_ref idref="oc-7cb"/>
      </symbol>
      <symbol id="sm-8c7">
         <name>__mspabi_slll_12</name>
         <value>0x13e64</value>
         <object_component_ref idref="oc-7cb"/>
      </symbol>
      <symbol id="sm-8c8">
         <name>__mspabi_slll_11</name>
         <value>0x13e68</value>
         <object_component_ref idref="oc-7cb"/>
      </symbol>
      <symbol id="sm-8c9">
         <name>__mspabi_slll_10</name>
         <value>0x13e6c</value>
         <object_component_ref idref="oc-7cb"/>
      </symbol>
      <symbol id="sm-8d9">
         <name>__mspabi_sral</name>
         <value>0x14200</value>
         <object_component_ref idref="oc-aa5"/>
      </symbol>
      <symbol id="sm-8da">
         <name>__mspabi_sral_15</name>
         <value>0x13e1a</value>
         <object_component_ref idref="oc-7f9"/>
      </symbol>
      <symbol id="sm-8db">
         <name>__mspabi_sral_14</name>
         <value>0x13e1e</value>
         <object_component_ref idref="oc-7f9"/>
      </symbol>
      <symbol id="sm-8dc">
         <name>__mspabi_sral_13</name>
         <value>0x13e22</value>
         <object_component_ref idref="oc-7f9"/>
      </symbol>
      <symbol id="sm-8dd">
         <name>__mspabi_sral_12</name>
         <value>0x13e26</value>
         <object_component_ref idref="oc-7f9"/>
      </symbol>
      <symbol id="sm-8de">
         <name>__mspabi_sral_11</name>
         <value>0x13e2a</value>
         <object_component_ref idref="oc-7f9"/>
      </symbol>
      <symbol id="sm-8df">
         <name>__mspabi_sral_10</name>
         <value>0x13e2e</value>
         <object_component_ref idref="oc-7f9"/>
      </symbol>
      <symbol id="sm-8e0">
         <name>__mspabi_sral_8</name>
         <value>0x13e36</value>
         <object_component_ref idref="oc-7f9"/>
      </symbol>
      <symbol id="sm-8e1">
         <name>__mspabi_sral_9</name>
         <value>0x13e32</value>
         <object_component_ref idref="oc-7f9"/>
      </symbol>
      <symbol id="sm-8e2">
         <name>__mspabi_sral_6</name>
         <value>0x13e3e</value>
         <object_component_ref idref="oc-7f9"/>
      </symbol>
      <symbol id="sm-8e3">
         <name>__mspabi_sral_7</name>
         <value>0x13e3a</value>
         <object_component_ref idref="oc-7f9"/>
      </symbol>
      <symbol id="sm-8e4">
         <name>__mspabi_sral_4</name>
         <value>0x13e46</value>
         <object_component_ref idref="oc-7f9"/>
      </symbol>
      <symbol id="sm-8e5">
         <name>__mspabi_sral_5</name>
         <value>0x13e42</value>
         <object_component_ref idref="oc-7f9"/>
      </symbol>
      <symbol id="sm-8e6">
         <name>__mspabi_sral_2</name>
         <value>0x13e4e</value>
         <object_component_ref idref="oc-7f9"/>
      </symbol>
      <symbol id="sm-8e7">
         <name>__mspabi_sral_3</name>
         <value>0x13e4a</value>
         <object_component_ref idref="oc-7f9"/>
      </symbol>
      <symbol id="sm-8e8">
         <name>__mspabi_sral_1</name>
         <value>0x13e52</value>
         <object_component_ref idref="oc-7f9"/>
      </symbol>
      <symbol id="sm-8f8">
         <name>__mspabi_srll_8</name>
         <value>0x13eb2</value>
         <object_component_ref idref="oc-86c"/>
      </symbol>
      <symbol id="sm-8f9">
         <name>__mspabi_srll_9</name>
         <value>0x13eae</value>
         <object_component_ref idref="oc-86c"/>
      </symbol>
      <symbol id="sm-8fa">
         <name>__mspabi_srll_6</name>
         <value>0x13eba</value>
         <object_component_ref idref="oc-86c"/>
      </symbol>
      <symbol id="sm-8fb">
         <name>__mspabi_srll_7</name>
         <value>0x13eb6</value>
         <object_component_ref idref="oc-86c"/>
      </symbol>
      <symbol id="sm-8fc">
         <name>__mspabi_srll_4</name>
         <value>0x13ec2</value>
         <object_component_ref idref="oc-86c"/>
      </symbol>
      <symbol id="sm-8fd">
         <name>__mspabi_srll_5</name>
         <value>0x13ebe</value>
         <object_component_ref idref="oc-86c"/>
      </symbol>
      <symbol id="sm-8fe">
         <name>__mspabi_srll_2</name>
         <value>0x13eca</value>
         <object_component_ref idref="oc-86c"/>
      </symbol>
      <symbol id="sm-8ff">
         <name>__mspabi_srll_3</name>
         <value>0x13ec6</value>
         <object_component_ref idref="oc-86c"/>
      </symbol>
      <symbol id="sm-900">
         <name>__mspabi_srll_1</name>
         <value>0x13ece</value>
         <object_component_ref idref="oc-86c"/>
      </symbol>
      <symbol id="sm-901">
         <name>__mspabi_srll_15</name>
         <value>0x13e96</value>
         <object_component_ref idref="oc-86c"/>
      </symbol>
      <symbol id="sm-902">
         <name>__mspabi_srll_14</name>
         <value>0x13e9a</value>
         <object_component_ref idref="oc-86c"/>
      </symbol>
      <symbol id="sm-903">
         <name>__mspabi_srll_13</name>
         <value>0x13e9e</value>
         <object_component_ref idref="oc-86c"/>
      </symbol>
      <symbol id="sm-904">
         <name>__mspabi_srll_12</name>
         <value>0x13ea2</value>
         <object_component_ref idref="oc-86c"/>
      </symbol>
      <symbol id="sm-905">
         <name>__mspabi_srll_11</name>
         <value>0x13ea6</value>
         <object_component_ref idref="oc-86c"/>
      </symbol>
      <symbol id="sm-906">
         <name>__mspabi_srll_10</name>
         <value>0x13eaa</value>
         <object_component_ref idref="oc-86c"/>
      </symbol>
      <symbol id="sm-907">
         <name>__mspabi_srll</name>
         <value>0x14220</value>
         <object_component_ref idref="oc-a03"/>
      </symbol>
      <symbol id="sm-914">
         <name>__mspabi_srlll</name>
         <value>0x13f0e</value>
         <object_component_ref idref="oc-9ae"/>
      </symbol>
      <symbol id="sm-924">
         <name>_stack</name>
         <value>0x2360</value>
         <object_component_ref idref="oc-608"/>
      </symbol>
      <symbol id="sm-925">
         <name>_c_int00_noargs</name>
         <value>0x4480</value>
         <object_component_ref idref="oc-647"/>
      </symbol>
      <symbol id="sm-926">
         <name>_reset_vector</name>
         <value>0xfffe</value>
         <object_component_ref idref="oc-60b"/>
      </symbol>
      <symbol id="sm-94b">
         <name>__TI_auto_init_nobinit_nopinit_hold_wdt</name>
         <value>0x13c9a</value>
         <object_component_ref idref="oc-755"/>
      </symbol>
      <symbol id="sm-954">
         <name>_system_post_cinit</name>
         <value>0x14288</value>
         <object_component_ref idref="oc-835"/>
      </symbol>
      <symbol id="sm-95d">
         <name>_system_pre_init</name>
         <value>0x14284</value>
         <object_component_ref idref="oc-695"/>
      </symbol>
      <symbol id="sm-96d">
         <name>C$$EXIT</name>
         <value>0x14272</value>
         <object_component_ref idref="oc-731"/>
      </symbol>
      <symbol id="sm-96e">
         <name>abort</name>
         <value>0x14272</value>
         <object_component_ref idref="oc-731"/>
      </symbol>
      <symbol id="sm-97e">
         <name>memcpy</name>
         <value>0x141b6</value>
         <object_component_ref idref="oc-617"/>
      </symbol>
      <symbol id="sm-9aa">
         <name>snprintf</name>
         <value>0x13a22</value>
         <object_component_ref idref="oc-724"/>
      </symbol>
      <symbol id="sm-b79">
         <name>__TI_printfi</name>
         <value>0x10a94</value>
         <object_component_ref idref="oc-810"/>
      </symbol>
      <symbol id="sm-b93">
         <name>__mspabi_cmpd</name>
         <value>0x12d36</value>
         <object_component_ref idref="oc-984"/>
      </symbol>
      <symbol id="sm-bb4">
         <name>__mspabi_divd</name>
         <value>0x11b6e</value>
         <object_component_ref idref="oc-9dd"/>
      </symbol>
      <symbol id="sm-bcf">
         <name>__TI_frcdivd</name>
         <value>0x10000</value>
         <object_component_ref idref="oc-a3d"/>
      </symbol>
      <symbol id="sm-bdd">
         <name>__mspabi_remul</name>
         <value>0x13bec</value>
         <object_component_ref idref="oc-9a4"/>
      </symbol>
      <symbol id="sm-bde">
         <name>__mspabi_divul</name>
         <value>0x13bec</value>
         <object_component_ref idref="oc-9a4"/>
      </symbol>
      <symbol id="sm-c11">
         <name>__mspabi_divull</name>
         <value>0x10466</value>
         <object_component_ref idref="oc-99e"/>
      </symbol>
      <symbol id="sm-c1e">
         <name>__mspabi_fixdi</name>
         <value>0x1400c</value>
         <object_component_ref idref="oc-a2c"/>
      </symbol>
      <symbol id="sm-c2d">
         <name>__mspabi_fixdli</name>
         <value>0x138f6</value>
         <object_component_ref idref="oc-a14"/>
      </symbol>
      <symbol id="sm-c36">
         <name>__mspabi_fltid</name>
         <value>0x1423e</value>
         <object_component_ref idref="oc-a58"/>
      </symbol>
      <symbol id="sm-c4e">
         <name>__mspabi_fltlid</name>
         <value>0x13230</value>
         <object_component_ref idref="oc-a20"/>
      </symbol>
      <symbol id="sm-c57">
         <name>__mspabi_negd</name>
         <value>0x13fb0</value>
         <object_component_ref idref="oc-966"/>
      </symbol>
      <symbol id="sm-c64">
         <name>__mspabi_sllll</name>
         <value>0x13ed4</value>
         <object_component_ref idref="oc-9fd"/>
      </symbol>
      <symbol id="sm-c6d">
         <name>__mspabi_subd</name>
         <value>0x13f7e</value>
         <object_component_ref idref="oc-a26"/>
      </symbol>
      <symbol id="sm-c8f">
         <name>__mspabi_addd</name>
         <value>0x107b4</value>
         <object_component_ref idref="oc-a6d"/>
      </symbol>
      <symbol id="sm-cb0">
         <name>__TI_frcaddd</name>
         <value>0x11702</value>
         <object_component_ref idref="oc-a91"/>
      </symbol>
      <symbol id="sm-cc4">
         <name>__TI_renormd</name>
         <value>0x12f8e</value>
         <object_component_ref idref="oc-aaa"/>
      </symbol>
      <symbol id="sm-cce">
         <name>abs</name>
         <value>0x14262</value>
         <object_component_ref idref="oc-a33"/>
      </symbol>
      <symbol id="sm-ce1">
         <name>atoi</name>
         <value>0x139c0</value>
         <object_component_ref idref="oc-906"/>
      </symbol>
      <symbol id="sm-ceb">
         <name>_ctypes_</name>
         <value>0x5322</value>
         <object_component_ref idref="oc-947"/>
      </symbol>
      <symbol id="sm-cf2">
         <name>errno</name>
         <value>0x1c1c</value>
         <object_component_ref idref="oc-92e"/>
      </symbol>
      <symbol id="sm-d0e">
         <name>frexpl</name>
         <value>0x130e6</value>
         <object_component_ref idref="oc-9e4"/>
      </symbol>
      <symbol id="sm-d0f">
         <name>frexp</name>
         <value>0x130e6</value>
         <object_component_ref idref="oc-9e4"/>
      </symbol>
      <symbol id="sm-d28">
         <name>scalbn</name>
         <value>0x1265c</value>
         <object_component_ref idref="oc-a4c"/>
      </symbol>
      <symbol id="sm-d29">
         <name>scalbnl</name>
         <value>0x1265c</value>
         <object_component_ref idref="oc-a4c"/>
      </symbol>
      <symbol id="sm-d2a">
         <name>ldexpl</name>
         <value>0x1265c</value>
         <object_component_ref idref="oc-a4c"/>
      </symbol>
      <symbol id="sm-d2b">
         <name>ldexp</name>
         <value>0x1265c</value>
         <object_component_ref idref="oc-a4c"/>
      </symbol>
      <symbol id="sm-d34">
         <name>copysign</name>
         <value>0x13fde</value>
         <object_component_ref idref="oc-a81"/>
      </symbol>
      <symbol id="sm-d35">
         <name>copysignl</name>
         <value>0x13fde</value>
         <object_component_ref idref="oc-a81"/>
      </symbol>
      <symbol id="sm-d44">
         <name>ltoa</name>
         <value>0x13618</value>
         <object_component_ref idref="oc-a1a"/>
      </symbol>
      <symbol id="sm-d50">
         <name>__mspabi_remli</name>
         <value>0x13dda</value>
         <object_component_ref idref="oc-a64"/>
      </symbol>
      <symbol id="sm-d51">
         <name>__mspabi_divli</name>
         <value>0x13dda</value>
         <object_component_ref idref="oc-a64"/>
      </symbol>
      <symbol id="sm-d60">
         <name>memccpy</name>
         <value>0x140be</value>
         <object_component_ref idref="oc-920"/>
      </symbol>
      <symbol id="sm-d6e">
         <name>memset</name>
         <value>0x14174</value>
         <object_component_ref idref="oc-90d"/>
      </symbol>
      <symbol id="sm-d7d">
         <name>strchr</name>
         <value>0x140dc</value>
         <object_component_ref idref="oc-a52"/>
      </symbol>
      <symbol id="sm-d8a">
         <name>strlen</name>
         <value>0x14230</value>
         <object_component_ref idref="oc-89c"/>
      </symbol>
      <symbol id="sm-d97">
         <name>toupper</name>
         <value>0x141ee</value>
         <object_component_ref idref="oc-960"/>
      </symbol>
      <symbol id="sm-daf">
         <name>wcslen</name>
         <value>0x141a0</value>
         <object_component_ref idref="oc-928"/>
      </symbol>
   </symbol_table>
   <title>Link successful</title>
</link_info>
